{
    "PNA combine collapse - multiple files": {
        "content": [
            [
                [
                    {
                        "id": "PNA055_Sample07_filtered_S7",
                        "design": "pna-2",
                        "panel": "proxiome-immuno-155",
                        "technology": "pna"
                    },
                    "PNA055_Sample07_filtered_S7.report.json:md5,f072efda6e9a17670d903151390b4c40"
                ]
            ],
            [
                [
                    {
                        "id": "PNA055_Sample07_filtered_S7",
                        "design": "pna-2",
                        "panel": "proxiome-immuno-155",
                        "technology": "pna"
                    },
                    "PNA055_Sample07_filtered_S7.meta.json:md5,e28f2491c50d9c55edb42a143e45ba50"
                ]
            ],
            [
                "versions.yml:md5,09b47145a7333736cd2aacdec779d79b"
            ]
        ],
        "meta": {
            "nf-test": "0.9.3",
            "nextflow": "25.10.0"
        },
        "timestamp": "2025-10-24T11:04:10.416243367"
    }
}