{
    "PNA demux - small test": {
        "content": [
            1,
            [
                "pipeline_info",
                "pixelator",
                "pixelator/demux",
                "pixelator/demux/pool1.demux.failed.fq.zst",
                "pixelator/demux/pool1.demux.m1.part_000.parquet",
                "pixelator/demux/pool1.demux.m2.part_000.parquet",
                "pixelator/demux/pool1.demux.passed.fq.zst",
                "pixelator/demux/pool1.meta.json",
                "pixelator/demux/pool1.report.json",
                "pixelator/logs",
                "pixelator/logs/pool1",
                "pixelator/logs/pool1/pool1.pixelator-demux.log"
            ],
            [
                [
                    "PIXELATOR_DEMUX",
                    "pixelator",
                    "0.27.2"
                ]
            ]
        ],
        "timestamp": "2026-05-27T13:32:21.146201688",
        "meta": {
            "nf-test": "0.9.5",
            "nextflow": "25.10.5"
        }
    },
    "PNA demux - stub": {
        "content": [
            {
                "0": [
                    [
                        {
                            "id": "pool1",
                            "design": "proxiome-v2",
                            "panel": "proxiome-v2-immuno-155-v2.0",
                            "technology": "proxiome-v2"
                        },
                        [
                            "pool1.demux.m1.part_000.parquet:md5,d41d8cd98f00b204e9800998ecf8427e",
                            "pool1.demux.m2.part_000.parquet:md5,d41d8cd98f00b204e9800998ecf8427e"
                        ]
                    ]
                ],
                "1": [
                    [
                        {
                            "id": "pool1",
                            "design": "proxiome-v2",
                            "panel": "proxiome-v2-immuno-155-v2.0",
                            "technology": "proxiome-v2"
                        },
                        "pool1.demux.passed.fq.zst:md5,d41d8cd98f00b204e9800998ecf8427e"
                    ]
                ],
                "2": [
                    [
                        {
                            "id": "pool1",
                            "design": "proxiome-v2",
                            "panel": "proxiome-v2-immuno-155-v2.0",
                            "technology": "proxiome-v2"
                        },
                        "pool1.demux.failed.fq.zst:md5,d41d8cd98f00b204e9800998ecf8427e"
                    ]
                ],
                "3": [
                    [
                        {
                            "id": "pool1",
                            "design": "proxiome-v2",
                            "panel": "proxiome-v2-immuno-155-v2.0",
                            "technology": "proxiome-v2"
                        },
                        "pool1.report.json:md5,d41d8cd98f00b204e9800998ecf8427e"
                    ]
                ],
                "4": [
                    [
                        {
                            "id": "pool1",
                            "design": "proxiome-v2",
                            "panel": "proxiome-v2-immuno-155-v2.0",
                            "technology": "proxiome-v2"
                        },
                        "pool1.meta.json:md5,d41d8cd98f00b204e9800998ecf8427e"
                    ]
                ],
                "5": [
                    [
                        {
                            "id": "pool1",
                            "design": "proxiome-v2",
                            "panel": "proxiome-v2-immuno-155-v2.0",
                            "technology": "proxiome-v2"
                        },
                        "pool1.pixelator-demux.log:md5,d41d8cd98f00b204e9800998ecf8427e"
                    ]
                ],
                "6": [
                    [
                        "demux",
                        [
                            "pool1.demux.failed.fq.zst:md5,d41d8cd98f00b204e9800998ecf8427e",
                            "pool1.demux.m1.part_000.parquet:md5,d41d8cd98f00b204e9800998ecf8427e",
                            "pool1.demux.m2.part_000.parquet:md5,d41d8cd98f00b204e9800998ecf8427e",
                            "pool1.demux.passed.fq.zst:md5,d41d8cd98f00b204e9800998ecf8427e",
                            "pool1.meta.json:md5,d41d8cd98f00b204e9800998ecf8427e",
                            "pool1.report.json:md5,d41d8cd98f00b204e9800998ecf8427e"
                        ]
                    ]
                ],
                "7": [
                    [
                        "PIXELATOR_DEMUX",
                        "pixelator",
                        "0.27.2"
                    ]
                ],
                "demuxed": [
                    [
                        {
                            "id": "pool1",
                            "design": "proxiome-v2",
                            "panel": "proxiome-v2-immuno-155-v2.0",
                            "technology": "proxiome-v2"
                        },
                        [
                            "pool1.demux.m1.part_000.parquet:md5,d41d8cd98f00b204e9800998ecf8427e",
                            "pool1.demux.m2.part_000.parquet:md5,d41d8cd98f00b204e9800998ecf8427e"
                        ]
                    ]
                ],
                "failed": [
                    [
                        {
                            "id": "pool1",
                            "design": "proxiome-v2",
                            "panel": "proxiome-v2-immuno-155-v2.0",
                            "technology": "proxiome-v2"
                        },
                        "pool1.demux.failed.fq.zst:md5,d41d8cd98f00b204e9800998ecf8427e"
                    ]
                ],
                "log": [
                    [
                        {
                            "id": "pool1",
                            "design": "proxiome-v2",
                            "panel": "proxiome-v2-immuno-155-v2.0",
                            "technology": "proxiome-v2"
                        },
                        "pool1.pixelator-demux.log:md5,d41d8cd98f00b204e9800998ecf8427e"
                    ]
                ],
                "metadata_json": [
                    [
                        {
                            "id": "pool1",
                            "design": "proxiome-v2",
                            "panel": "proxiome-v2-immuno-155-v2.0",
                            "technology": "proxiome-v2"
                        },
                        "pool1.meta.json:md5,d41d8cd98f00b204e9800998ecf8427e"
                    ]
                ],
                "passed": [
                    [
                        {
                            "id": "pool1",
                            "design": "proxiome-v2",
                            "panel": "proxiome-v2-immuno-155-v2.0",
                            "technology": "proxiome-v2"
                        },
                        "pool1.demux.passed.fq.zst:md5,d41d8cd98f00b204e9800998ecf8427e"
                    ]
                ],
                "report_json": [
                    [
                        {
                            "id": "pool1",
                            "design": "proxiome-v2",
                            "panel": "proxiome-v2-immuno-155-v2.0",
                            "technology": "proxiome-v2"
                        },
                        "pool1.report.json:md5,d41d8cd98f00b204e9800998ecf8427e"
                    ]
                ],
                "versions_pixelator": [
                    [
                        "PIXELATOR_DEMUX",
                        "pixelator",
                        "0.27.2"
                    ]
                ]
            }
        ],
        "timestamp": "2026-05-29T14:09:56.763402497",
        "meta": {
            "nf-test": "0.9.5",
            "nextflow": "26.04.2"
        }
    },
    "PNA demux - multiple chunks": {
        "content": [
            1,
            [
                "pipeline_info",
                "pixelator",
                "pixelator/demux",
                "pixelator/demux/pool1.demux.failed.fq.zst",
                "pixelator/demux/pool1.demux.m1.part_000.parquet",
                "pixelator/demux/pool1.demux.m1.part_001.parquet",
                "pixelator/demux/pool1.demux.m1.part_002.parquet",
                "pixelator/demux/pool1.demux.m1.part_003.parquet",
                "pixelator/demux/pool1.demux.m1.part_004.parquet",
                "pixelator/demux/pool1.demux.m1.part_005.parquet",
                "pixelator/demux/pool1.demux.m1.part_006.parquet",
                "pixelator/demux/pool1.demux.m1.part_007.parquet",
                "pixelator/demux/pool1.demux.m2.part_000.parquet",
                "pixelator/demux/pool1.demux.m2.part_001.parquet",
                "pixelator/demux/pool1.demux.m2.part_002.parquet",
                "pixelator/demux/pool1.demux.m2.part_003.parquet",
                "pixelator/demux/pool1.demux.m2.part_004.parquet",
                "pixelator/demux/pool1.demux.m2.part_005.parquet",
                "pixelator/demux/pool1.demux.m2.part_006.parquet",
                "pixelator/demux/pool1.demux.m2.part_007.parquet",
                "pixelator/demux/pool1.demux.passed.fq.zst",
                "pixelator/demux/pool1.meta.json",
                "pixelator/demux/pool1.report.json",
                "pixelator/logs",
                "pixelator/logs/pool1",
                "pixelator/logs/pool1/pool1.pixelator-demux.log"
            ],
            [
                [
                    "PIXELATOR_DEMUX",
                    "pixelator",
                    "0.27.2"
                ]
            ]
        ],
        "timestamp": "2026-05-27T13:32:50.971603605",
        "meta": {
            "nf-test": "0.9.5",
            "nextflow": "25.10.5"
        }
    }
}