{
    "Params: default - stub": {
        "content": [
            10,
            [
                "pipeline_info",
                "pipeline_info/nf_core_pixelator_software_mqc_versions.yml",
                "pixelator",
                "pixelator/adapterqc",
                "pixelator/adapterqc/sample01.meta.json",
                "pixelator/adapterqc/sample01.report.json",
                "pixelator/amplicon",
                "pixelator/amplicon/sample01.meta.json",
                "pixelator/amplicon/sample01.report.json",
                "pixelator/analysis",
                "pixelator/analysis/sample01.meta.json",
                "pixelator/analysis/sample01.report.json",
                "pixelator/annotate",
                "pixelator/annotate/sample01.meta.json",
                "pixelator/annotate/sample01.report.json",
                "pixelator/collapse",
                "pixelator/collapse/sample01.meta.json",
                "pixelator/collapse/sample01.report.json",
                "pixelator/demux",
                "pixelator/demux/sample01.meta.json",
                "pixelator/demux/sample01.report.json",
                "pixelator/graph",
                "pixelator/graph/sample01.meta.json",
                "pixelator/graph/sample01.report.json",
                "pixelator/layout",
                "pixelator/layout/sample01.meta.json",
                "pixelator/layout/sample01.report.json",
                "pixelator/logs",
                "pixelator/logs/sample01",
                "pixelator/logs/sample01/sample01.pixelator-adapterqc.log",
                "pixelator/logs/sample01/sample01.pixelator-amplicon.log",
                "pixelator/logs/sample01/sample01.pixelator-analysis.log",
                "pixelator/logs/sample01/sample01.pixelator-annotate.log",
                "pixelator/logs/sample01/sample01.pixelator-collapse.log",
                "pixelator/logs/sample01/sample01.pixelator-demux.log",
                "pixelator/logs/sample01/sample01.pixelator-graph.log",
                "pixelator/logs/sample01/sample01.pixelator-layout.log",
                "pixelator/logs/sample01/sample01.pixelator-preqc.log",
                "pixelator/logs/sample01/sample01.pixelator-report.log",
                "pixelator/preqc",
                "pixelator/preqc/sample01.meta.json",
                "pixelator/preqc/sample01.report.json",
                "pixelator/sample01.html",
                "pixelator/sample01.layout.dataset.pxl"
            ],
            [
                
            ]
        ],
        "meta": {
            "nf-test": "0.9.3",
            "nextflow": "25.10.0"
        },
        "timestamp": "2025-11-03T13:31:15.196891073"
    },
    "Params: default": {
        "content": [
            10,
            {
                "PIXELATOR_AMPLICON": {
                    "pixelator": "0.22.1"
                },
                "PIXELATOR_ANALYSIS": {
                    "pixelator": "0.22.1"
                },
                "PIXELATOR_ANNOTATE": {
                    "pixelator": "0.22.1"
                },
                "PIXELATOR_COLLAPSE": {
                    "pixelator": "0.22.1"
                },
                "PIXELATOR_DEMUX": {
                    "pixelator": "0.22.1"
                },
                "PIXELATOR_GRAPH": {
                    "pixelator": "0.22.1"
                },
                "PIXELATOR_LAYOUT": {
                    "pixelator": "0.22.1"
                },
                "PIXELATOR_QC": {
                    "pixelator": "0.22.1"
                },
                "PIXELATOR_REPORT": {
                    "pixelator": "0.22.1"
                },
                "Workflow": {
                    "nf-core/pixelator": "v2.3.0dev"
                }
            },
            [
                "pipeline_info",
                "pipeline_info/nf_core_pixelator_software_mqc_versions.yml",
                "pixelator",
                "pixelator/adapterqc",
                "pixelator/adapterqc/sample01.meta.json",
                "pixelator/adapterqc/sample01.report.json",
                "pixelator/amplicon",
                "pixelator/amplicon/sample01.meta.json",
                "pixelator/amplicon/sample01.report.json",
                "pixelator/analysis",
                "pixelator/analysis/sample01.meta.json",
                "pixelator/analysis/sample01.report.json",
                "pixelator/annotate",
                "pixelator/annotate/sample01.meta.json",
                "pixelator/annotate/sample01.report.json",
                "pixelator/collapse",
                "pixelator/collapse/sample01.meta.json",
                "pixelator/collapse/sample01.report.json",
                "pixelator/demux",
                "pixelator/demux/sample01.meta.json",
                "pixelator/demux/sample01.report.json",
                "pixelator/graph",
                "pixelator/graph/sample01.meta.json",
                "pixelator/graph/sample01.report.json",
                "pixelator/layout",
                "pixelator/layout/sample01.meta.json",
                "pixelator/layout/sample01.report.json",
                "pixelator/logs",
                "pixelator/logs/sample01",
                "pixelator/logs/sample01/sample01.pixelator-adapterqc.log",
                "pixelator/logs/sample01/sample01.pixelator-amplicon.log",
                "pixelator/logs/sample01/sample01.pixelator-analysis.log",
                "pixelator/logs/sample01/sample01.pixelator-annotate.log",
                "pixelator/logs/sample01/sample01.pixelator-collapse.log",
                "pixelator/logs/sample01/sample01.pixelator-demux.log",
                "pixelator/logs/sample01/sample01.pixelator-graph.log",
                "pixelator/logs/sample01/sample01.pixelator-layout.log",
                "pixelator/logs/sample01/sample01.pixelator-preqc.log",
                "pixelator/logs/sample01/sample01.pixelator-report.log",
                "pixelator/preqc",
                "pixelator/preqc/sample01.meta.json",
                "pixelator/preqc/sample01.report.json",
                "pixelator/sample01.layout.dataset.pxl",
                "pixelator/sample01.qc-report.html"
            ],
            [
                
            ]
        ],
        "meta": {
            "nf-test": "0.9.3",
            "nextflow": "25.10.0"
        },
        "timestamp": "2025-11-05T09:24:25.33285339"
    }
}