{
    "Params: default - stub": {
        "content": [
            21,
            [
                "pipeline_info",
                "pipeline_info/nf_core_pixelator_software_versions.yml",
                "pipeline_info/samplesheet_proxiome_v1.csv",
                "pixelator",
                "pixelator/amplicon",
                "pixelator/amplicon/sample_1.amplicon.fq.zst",
                "pixelator/amplicon/sample_1.meta.json",
                "pixelator/amplicon/sample_1.report.json",
                "pixelator/amplicon/sample_2.amplicon.fq.zst",
                "pixelator/amplicon/sample_2.meta.json",
                "pixelator/amplicon/sample_2.report.json",
                "pixelator/analysis",
                "pixelator/analysis/sample_1.meta.json",
                "pixelator/analysis/sample_1.pxl",
                "pixelator/analysis/sample_1.report.json",
                "pixelator/analysis/sample_2.meta.json",
                "pixelator/analysis/sample_2.pxl",
                "pixelator/analysis/sample_2.report.json",
                "pixelator/collapse",
                "pixelator/collapse/sample_1.collapse.meta.json",
                "pixelator/collapse/sample_1.collapse.parquet",
                "pixelator/collapse/sample_1.demux.m1.part_000.meta.json",
                "pixelator/collapse/sample_1.demux.m1.part_000.parquet",
                "pixelator/collapse/sample_1.demux.m1.part_000.report.json",
                "pixelator/collapse/sample_1.demux.m2.part_000.meta.json",
                "pixelator/collapse/sample_1.demux.m2.part_000.parquet",
                "pixelator/collapse/sample_1.demux.m2.part_000.report.json",
                "pixelator/collapse/sample_1.report.json",
                "pixelator/collapse/sample_2.collapse.meta.json",
                "pixelator/collapse/sample_2.collapse.parquet",
                "pixelator/collapse/sample_2.demux.m1.part_000.meta.json",
                "pixelator/collapse/sample_2.demux.m1.part_000.parquet",
                "pixelator/collapse/sample_2.demux.m1.part_000.report.json",
                "pixelator/collapse/sample_2.demux.m2.part_000.meta.json",
                "pixelator/collapse/sample_2.demux.m2.part_000.parquet",
                "pixelator/collapse/sample_2.demux.m2.part_000.report.json",
                "pixelator/collapse/sample_2.report.json",
                "pixelator/demux",
                "pixelator/demux/sample_1.demux.failed.fq.zst",
                "pixelator/demux/sample_1.demux.m1.part_000.parquet",
                "pixelator/demux/sample_1.demux.m2.part_000.parquet",
                "pixelator/demux/sample_1.demux.passed.fq.zst",
                "pixelator/demux/sample_1.meta.json",
                "pixelator/demux/sample_1.report.json",
                "pixelator/demux/sample_2.demux.failed.fq.zst",
                "pixelator/demux/sample_2.demux.m1.part_000.parquet",
                "pixelator/demux/sample_2.demux.m2.part_000.parquet",
                "pixelator/demux/sample_2.demux.passed.fq.zst",
                "pixelator/demux/sample_2.meta.json",
                "pixelator/demux/sample_2.report.json",
                "pixelator/denoise",
                "pixelator/denoise/sample_1.meta.json",
                "pixelator/denoise/sample_1.report.json",
                "pixelator/denoise/sample_2.meta.json",
                "pixelator/denoise/sample_2.report.json",
                "pixelator/experiment-summary.html",
                "pixelator/graph",
                "pixelator/graph/sample_1.meta.json",
                "pixelator/graph/sample_1.pxl",
                "pixelator/graph/sample_1.report.json",
                "pixelator/graph/sample_2.meta.json",
                "pixelator/graph/sample_2.pxl",
                "pixelator/graph/sample_2.report.json",
                "pixelator/layout",
                "pixelator/layout/sample_1.meta.json",
                "pixelator/layout/sample_1.report.json",
                "pixelator/layout/sample_2.meta.json",
                "pixelator/layout/sample_2.report.json",
                "pixelator/logs",
                "pixelator/logs/sample_1",
                "pixelator/logs/sample_1.pixelator-combine-collapse.log",
                "pixelator/logs/sample_1/sample_1.demux.m1.part_000.pixelator-collapse.log",
                "pixelator/logs/sample_1/sample_1.demux.m2.part_000.pixelator-collapse.log",
                "pixelator/logs/sample_1/sample_1.pixelator-amplicon.log",
                "pixelator/logs/sample_1/sample_1.pixelator-analysis.log",
                "pixelator/logs/sample_1/sample_1.pixelator-demux.log",
                "pixelator/logs/sample_1/sample_1.pixelator-denoise.log",
                "pixelator/logs/sample_1/sample_1.pixelator-graph.log",
                "pixelator/logs/sample_1/sample_1.pixelator-layout.log",
                "pixelator/logs/sample_2",
                "pixelator/logs/sample_2.pixelator-combine-collapse.log",
                "pixelator/logs/sample_2/sample_2.demux.m1.part_000.pixelator-collapse.log",
                "pixelator/logs/sample_2/sample_2.demux.m2.part_000.pixelator-collapse.log",
                "pixelator/logs/sample_2/sample_2.pixelator-amplicon.log",
                "pixelator/logs/sample_2/sample_2.pixelator-analysis.log",
                "pixelator/logs/sample_2/sample_2.pixelator-demux.log",
                "pixelator/logs/sample_2/sample_2.pixelator-denoise.log",
                "pixelator/logs/sample_2/sample_2.pixelator-graph.log",
                "pixelator/logs/sample_2/sample_2.pixelator-layout.log",
                "pixelator/sample_1.pxl",
                "pixelator/sample_2.pxl"
            ],
            [
                "sample_1.meta.json:md5,d41d8cd98f00b204e9800998ecf8427e",
                "sample_2.meta.json:md5,d41d8cd98f00b204e9800998ecf8427e",
                "sample_1.meta.json:md5,d41d8cd98f00b204e9800998ecf8427e",
                "sample_2.meta.json:md5,d41d8cd98f00b204e9800998ecf8427e",
                "sample_1.meta.json:md5,d41d8cd98f00b204e9800998ecf8427e",
                "sample_2.meta.json:md5,d41d8cd98f00b204e9800998ecf8427e",
                "sample_1.meta.json:md5,d41d8cd98f00b204e9800998ecf8427e",
                "sample_2.meta.json:md5,d41d8cd98f00b204e9800998ecf8427e",
                "sample_1.meta.json:md5,d41d8cd98f00b204e9800998ecf8427e",
                "sample_2.meta.json:md5,d41d8cd98f00b204e9800998ecf8427e",
                "sample_1.meta.json:md5,d41d8cd98f00b204e9800998ecf8427e",
                "sample_2.meta.json:md5,d41d8cd98f00b204e9800998ecf8427e"
            ],
            {
                "CAT_FASTQ": {
                    "cat": 9.5
                },
                "EXPERIMENT_SUMMARY": {
                    "experiment-summary": "0.12.0"
                },
                "PIXELATOR_AMPLICON": {
                    "pixelator": "0.30.0"
                },
                "PIXELATOR_ANALYSIS": {
                    "pixelator": "0.30.0"
                },
                "PIXELATOR_COLLAPSE": {
                    "pixelator": "0.30.0"
                },
                "PIXELATOR_COMBINE_COLLAPSE": {
                    "pixelator": "0.30.0"
                },
                "PIXELATOR_DEMUX": {
                    "pixelator": "0.30.0"
                },
                "PIXELATOR_DENOISE": {
                    "pixelator": "0.30.0"
                },
                "PIXELATOR_GRAPH": {
                    "pixelator": "0.30.0"
                },
                "PIXELATOR_LAYOUT": {
                    "pixelator": "0.30.0"
                },
                "PIXELATOR_LIST_OPTIONS": {
                    "pixelator": "0.30.0"
                },
                "Workflow": {
                    "nf-core/pixelator": "v5.1.0dev"
                }
            }
        ],
        "timestamp": "2026-08-10T16:31:48.4154274",
        "meta": {
            "nf-test": "0.9.5",
            "nextflow": "26.04.2"
        }
    },
    "Params: all": {
        "content": [
            21,
            {
                "CAT_FASTQ": {
                    "cat": 9.5
                },
                "EXPERIMENT_SUMMARY": {
                    "experiment-summary": "0.12.0"
                },
                "PIXELATOR_AMPLICON": {
                    "pixelator": "0.30.0"
                },
                "PIXELATOR_ANALYSIS": {
                    "pixelator": "0.30.0"
                },
                "PIXELATOR_COLLAPSE": {
                    "pixelator": "0.30.0"
                },
                "PIXELATOR_COMBINE_COLLAPSE": {
                    "pixelator": "0.30.0"
                },
                "PIXELATOR_DEMUX": {
                    "pixelator": "0.30.0"
                },
                "PIXELATOR_DENOISE": {
                    "pixelator": "0.30.0"
                },
                "PIXELATOR_GRAPH": {
                    "pixelator": "0.30.0"
                },
                "PIXELATOR_LAYOUT": {
                    "pixelator": "0.30.0"
                },
                "PIXELATOR_LIST_OPTIONS": {
                    "pixelator": "0.30.0"
                },
                "Workflow": {
                    "nf-core/pixelator": "v5.1.0dev"
                }
            },
            [
                "pipeline_info",
                "pipeline_info/nf_core_pixelator_software_versions.yml",
                "pipeline_info/samplesheet_proxiome_v1.csv",
                "pixelator",
                "pixelator/amplicon",
                "pixelator/amplicon/sample_1.amplicon.fq.zst",
                "pixelator/amplicon/sample_1.meta.json",
                "pixelator/amplicon/sample_1.report.json",
                "pixelator/amplicon/sample_2.amplicon.fq.zst",
                "pixelator/amplicon/sample_2.meta.json",
                "pixelator/amplicon/sample_2.report.json",
                "pixelator/analysis",
                "pixelator/analysis/sample_1.analysis.pxl",
                "pixelator/analysis/sample_1.meta.json",
                "pixelator/analysis/sample_1.report.json",
                "pixelator/analysis/sample_2.analysis.pxl",
                "pixelator/analysis/sample_2.meta.json",
                "pixelator/analysis/sample_2.report.json",
                "pixelator/collapse",
                "pixelator/collapse/sample_1.collapse.m1.part_000.meta.json",
                "pixelator/collapse/sample_1.collapse.m1.part_000.parquet",
                "pixelator/collapse/sample_1.collapse.m1.part_000.report.json",
                "pixelator/collapse/sample_1.collapse.m2.part_000.meta.json",
                "pixelator/collapse/sample_1.collapse.m2.part_000.parquet",
                "pixelator/collapse/sample_1.collapse.m2.part_000.report.json",
                "pixelator/collapse/sample_1.collapse.parquet",
                "pixelator/collapse/sample_1.meta.json",
                "pixelator/collapse/sample_1.report.json",
                "pixelator/collapse/sample_2.collapse.m1.part_000.meta.json",
                "pixelator/collapse/sample_2.collapse.m1.part_000.parquet",
                "pixelator/collapse/sample_2.collapse.m1.part_000.report.json",
                "pixelator/collapse/sample_2.collapse.m2.part_000.meta.json",
                "pixelator/collapse/sample_2.collapse.m2.part_000.parquet",
                "pixelator/collapse/sample_2.collapse.m2.part_000.report.json",
                "pixelator/collapse/sample_2.collapse.parquet",
                "pixelator/collapse/sample_2.meta.json",
                "pixelator/collapse/sample_2.report.json",
                "pixelator/demux",
                "pixelator/demux/sample_1.demux.failed.fq.zst",
                "pixelator/demux/sample_1.demux.m1.part_000.parquet",
                "pixelator/demux/sample_1.demux.m2.part_000.parquet",
                "pixelator/demux/sample_1.demux.passed.fq.zst",
                "pixelator/demux/sample_1.meta.json",
                "pixelator/demux/sample_1.report.json",
                "pixelator/demux/sample_2.demux.failed.fq.zst",
                "pixelator/demux/sample_2.demux.m1.part_000.parquet",
                "pixelator/demux/sample_2.demux.m2.part_000.parquet",
                "pixelator/demux/sample_2.demux.passed.fq.zst",
                "pixelator/demux/sample_2.meta.json",
                "pixelator/demux/sample_2.report.json",
                "pixelator/denoise",
                "pixelator/denoise/sample_1.meta.json",
                "pixelator/denoise/sample_1.report.json",
                "pixelator/denoise/sample_2.meta.json",
                "pixelator/denoise/sample_2.report.json",
                "pixelator/experiment-summary.html",
                "pixelator/graph",
                "pixelator/graph/sample_1.graph.pxl",
                "pixelator/graph/sample_1.meta.json",
                "pixelator/graph/sample_1.report.json",
                "pixelator/graph/sample_2.graph.pxl",
                "pixelator/graph/sample_2.meta.json",
                "pixelator/graph/sample_2.report.json",
                "pixelator/layout",
                "pixelator/layout/sample_1.meta.json",
                "pixelator/layout/sample_1.report.json",
                "pixelator/layout/sample_2.meta.json",
                "pixelator/layout/sample_2.report.json",
                "pixelator/logs",
                "pixelator/logs/sample_1",
                "pixelator/logs/sample_1.pixelator-combine-collapse.log",
                "pixelator/logs/sample_1/sample_1.pixelator-amplicon.log",
                "pixelator/logs/sample_1/sample_1.pixelator-analysis.log",
                "pixelator/logs/sample_1/sample_1.pixelator-collapse.log",
                "pixelator/logs/sample_1/sample_1.pixelator-demux.log",
                "pixelator/logs/sample_1/sample_1.pixelator-denoise.log",
                "pixelator/logs/sample_1/sample_1.pixelator-graph.log",
                "pixelator/logs/sample_1/sample_1.pixelator-layout.log",
                "pixelator/logs/sample_2",
                "pixelator/logs/sample_2.pixelator-combine-collapse.log",
                "pixelator/logs/sample_2/sample_2.pixelator-amplicon.log",
                "pixelator/logs/sample_2/sample_2.pixelator-analysis.log",
                "pixelator/logs/sample_2/sample_2.pixelator-collapse.log",
                "pixelator/logs/sample_2/sample_2.pixelator-demux.log",
                "pixelator/logs/sample_2/sample_2.pixelator-denoise.log",
                "pixelator/logs/sample_2/sample_2.pixelator-graph.log",
                "pixelator/logs/sample_2/sample_2.pixelator-layout.log",
                "pixelator/sample_1.layout.pxl",
                "pixelator/sample_2.layout.pxl"
            ],
            [
                "sample_1.meta.json:md5,adf094082ad53ce2153356a7a157d7b6",
                "sample_2.meta.json:md5,5a1105e9336a8d43fd12d006ccbdf531",
                "sample_1.meta.json:md5,23bb50571c666529140cc2ecd3f323b3",
                "sample_2.meta.json:md5,58ab316760d7920a4448c02b087ed7ab",
                "sample_1.meta.json:md5,99b7d6f8266a9022358b8d51756e2f49",
                "sample_2.meta.json:md5,0f4c9f8bd4ff3196d3e68f42c573df09",
                "sample_1.meta.json:md5,66a996f8dd0334e272d0c4e4284748f1",
                "sample_2.meta.json:md5,e74400bd636c072845c33e3d966ff74d",
                "sample_1.meta.json:md5,e6851e0a42e552bbc5595dde2016ca50",
                "sample_2.meta.json:md5,4c2d59b7c0a2d8657664fbd7acdd5e62",
                "sample_1.meta.json:md5,7620ab6f01b9cc7ba20765277a993a72",
                "sample_2.meta.json:md5,a40e4784cfbddb2b97409935d5f4a6e7"
            ]
        ],
        "timestamp": "2026-08-10T17:01:53.432998154",
        "meta": {
            "nf-test": "0.9.5",
            "nextflow": "26.04.2"
        }
    }
}