{
    "Params: default - stub": {
        "content": [
            35,
            [
                "pipeline_info",
                "pipeline_info/nf_core_pixelator_software_versions.yml",
                "pipeline_info/samplesheet_proxiome_v2.csv",
                "pixelator",
                "pixelator/amplicon",
                "pixelator/amplicon/pool1.amplicon.fq.zst",
                "pixelator/amplicon/pool1.meta.json",
                "pixelator/amplicon/pool1.report.json",
                "pixelator/amplicon/pool2.amplicon.fq.zst",
                "pixelator/amplicon/pool2.meta.json",
                "pixelator/amplicon/pool2.report.json",
                "pixelator/analysis",
                "pixelator/analysis/sample1.meta.json",
                "pixelator/analysis/sample1.pxl",
                "pixelator/analysis/sample1.report.json",
                "pixelator/analysis/sample2.meta.json",
                "pixelator/analysis/sample2.pxl",
                "pixelator/analysis/sample2.report.json",
                "pixelator/analysis/sample3.meta.json",
                "pixelator/analysis/sample3.pxl",
                "pixelator/analysis/sample3.report.json",
                "pixelator/analysis/sample4.meta.json",
                "pixelator/analysis/sample4.pxl",
                "pixelator/analysis/sample4.report.json",
                "pixelator/collapse",
                "pixelator/collapse/pool1.collapse.meta.json",
                "pixelator/collapse/pool1.collapse.parquet",
                "pixelator/collapse/pool1.demux.m1.part_000.meta.json",
                "pixelator/collapse/pool1.demux.m1.part_000.parquet",
                "pixelator/collapse/pool1.demux.m1.part_000.report.json",
                "pixelator/collapse/pool1.demux.m2.part_000.meta.json",
                "pixelator/collapse/pool1.demux.m2.part_000.parquet",
                "pixelator/collapse/pool1.demux.m2.part_000.report.json",
                "pixelator/collapse/pool1.report.json",
                "pixelator/collapse/pool2.collapse.meta.json",
                "pixelator/collapse/pool2.collapse.parquet",
                "pixelator/collapse/pool2.demux.m1.part_000.meta.json",
                "pixelator/collapse/pool2.demux.m1.part_000.parquet",
                "pixelator/collapse/pool2.demux.m1.part_000.report.json",
                "pixelator/collapse/pool2.demux.m2.part_000.meta.json",
                "pixelator/collapse/pool2.demux.m2.part_000.parquet",
                "pixelator/collapse/pool2.demux.m2.part_000.report.json",
                "pixelator/collapse/pool2.report.json",
                "pixelator/demux",
                "pixelator/demux/pool1.demux.failed.fq.zst",
                "pixelator/demux/pool1.demux.m1.part_000.parquet",
                "pixelator/demux/pool1.demux.m2.part_000.parquet",
                "pixelator/demux/pool1.demux.passed.fq.zst",
                "pixelator/demux/pool1.meta.json",
                "pixelator/demux/pool1.report.json",
                "pixelator/demux/pool2.demux.failed.fq.zst",
                "pixelator/demux/pool2.demux.m1.part_000.parquet",
                "pixelator/demux/pool2.demux.m2.part_000.parquet",
                "pixelator/demux/pool2.demux.passed.fq.zst",
                "pixelator/demux/pool2.meta.json",
                "pixelator/demux/pool2.report.json",
                "pixelator/denoise",
                "pixelator/denoise/pool1.meta.json",
                "pixelator/denoise/pool1.report.json",
                "pixelator/denoise/pool2.meta.json",
                "pixelator/denoise/pool2.report.json",
                "pixelator/experiment-summary.html",
                "pixelator/graph",
                "pixelator/graph/pool1.meta.json",
                "pixelator/graph/pool1.pxl",
                "pixelator/graph/pool1.report.json",
                "pixelator/graph/pool2.meta.json",
                "pixelator/graph/pool2.pxl",
                "pixelator/graph/pool2.report.json",
                "pixelator/layout",
                "pixelator/layout/sample1.meta.json",
                "pixelator/layout/sample1.report.json",
                "pixelator/layout/sample2.meta.json",
                "pixelator/layout/sample2.report.json",
                "pixelator/layout/sample3.meta.json",
                "pixelator/layout/sample3.report.json",
                "pixelator/layout/sample4.meta.json",
                "pixelator/layout/sample4.report.json",
                "pixelator/logs",
                "pixelator/logs/pool1",
                "pixelator/logs/pool1.pixelator-combine-collapse.log",
                "pixelator/logs/pool1/pool1.demux.m1.part_000.pixelator-collapse.log",
                "pixelator/logs/pool1/pool1.demux.m2.part_000.pixelator-collapse.log",
                "pixelator/logs/pool1/pool1.pixelator-amplicon.log",
                "pixelator/logs/pool1/pool1.pixelator-demux.log",
                "pixelator/logs/pool1/pool1.pixelator-denoise.log",
                "pixelator/logs/pool1/pool1.pixelator-graph.log",
                "pixelator/logs/pool1/pool1.pixelator-sample-calling.log",
                "pixelator/logs/pool2",
                "pixelator/logs/pool2.pixelator-combine-collapse.log",
                "pixelator/logs/pool2/pool2.demux.m1.part_000.pixelator-collapse.log",
                "pixelator/logs/pool2/pool2.demux.m2.part_000.pixelator-collapse.log",
                "pixelator/logs/pool2/pool2.pixelator-amplicon.log",
                "pixelator/logs/pool2/pool2.pixelator-demux.log",
                "pixelator/logs/pool2/pool2.pixelator-denoise.log",
                "pixelator/logs/pool2/pool2.pixelator-graph.log",
                "pixelator/logs/pool2/pool2.pixelator-sample-calling.log",
                "pixelator/logs/sample1",
                "pixelator/logs/sample1/sample1.pixelator-analysis.log",
                "pixelator/logs/sample1/sample1.pixelator-layout.log",
                "pixelator/logs/sample2",
                "pixelator/logs/sample2/sample2.pixelator-analysis.log",
                "pixelator/logs/sample2/sample2.pixelator-layout.log",
                "pixelator/logs/sample3",
                "pixelator/logs/sample3/sample3.pixelator-analysis.log",
                "pixelator/logs/sample3/sample3.pixelator-layout.log",
                "pixelator/logs/sample4",
                "pixelator/logs/sample4/sample4.pixelator-analysis.log",
                "pixelator/logs/sample4/sample4.pixelator-layout.log",
                "pixelator/sample1.pxl",
                "pixelator/sample2.pxl",
                "pixelator/sample3.pxl",
                "pixelator/sample4.pxl",
                "pixelator/sample_calling",
                "pixelator/sample_calling/pool1.sample_calling.meta.json",
                "pixelator/sample_calling/pool1.sample_calling.report.json",
                "pixelator/sample_calling/pool2.sample_calling.meta.json",
                "pixelator/sample_calling/pool2.sample_calling.report.json",
                "pixelator/sample_calling/sample1.dehashed.pxl",
                "pixelator/sample_calling/sample2.dehashed.pxl",
                "pixelator/sample_calling/sample3.dehashed.pxl",
                "pixelator/sample_calling/sample4.dehashed.pxl"
            ],
            [
                "pool1.meta.json:md5,d41d8cd98f00b204e9800998ecf8427e",
                "pool2.meta.json:md5,d41d8cd98f00b204e9800998ecf8427e",
                "sample1.meta.json:md5,d41d8cd98f00b204e9800998ecf8427e",
                "sample2.meta.json:md5,d41d8cd98f00b204e9800998ecf8427e",
                "sample3.meta.json:md5,d41d8cd98f00b204e9800998ecf8427e",
                "sample4.meta.json:md5,d41d8cd98f00b204e9800998ecf8427e",
                "pool1.meta.json:md5,d41d8cd98f00b204e9800998ecf8427e",
                "pool2.meta.json:md5,d41d8cd98f00b204e9800998ecf8427e",
                "pool1.meta.json:md5,d41d8cd98f00b204e9800998ecf8427e",
                "pool2.meta.json:md5,d41d8cd98f00b204e9800998ecf8427e",
                "pool1.meta.json:md5,d41d8cd98f00b204e9800998ecf8427e",
                "pool2.meta.json:md5,d41d8cd98f00b204e9800998ecf8427e",
                "sample1.meta.json:md5,d41d8cd98f00b204e9800998ecf8427e",
                "sample2.meta.json:md5,d41d8cd98f00b204e9800998ecf8427e",
                "sample3.meta.json:md5,d41d8cd98f00b204e9800998ecf8427e",
                "sample4.meta.json:md5,d41d8cd98f00b204e9800998ecf8427e",
                "pool1.sample_calling.meta.json:md5,d41d8cd98f00b204e9800998ecf8427e",
                "pool2.sample_calling.meta.json:md5,d41d8cd98f00b204e9800998ecf8427e"
            ],
            {
                "CAT_FASTQ": {
                    "cat": 9.5
                },
                "EXPERIMENT_SUMMARY": {
                    "experiment-summary": "0.10.4"
                },
                "PIXELATOR_AMPLICON": {
                    "pixelator": "0.28.0"
                },
                "PIXELATOR_ANALYSIS": {
                    "pixelator": "0.28.0"
                },
                "PIXELATOR_COLLAPSE": {
                    "pixelator": "0.28.0"
                },
                "PIXELATOR_COMBINE_COLLAPSE": {
                    "pixelator": "0.28.0"
                },
                "PIXELATOR_DEMUX": {
                    "pixelator": "0.28.0"
                },
                "PIXELATOR_DENOISE": {
                    "pixelator": "0.28.0"
                },
                "PIXELATOR_GRAPH": {
                    "pixelator": "0.28.0"
                },
                "PIXELATOR_LAYOUT": {
                    "pixelator": "0.28.0"
                },
                "PIXELATOR_LIST_OPTIONS": {
                    "pixelator": "0.28.0"
                },
                "Workflow": {
                    "nf-core/pixelator": "v4.1.2dev"
                }
            }
        ],
        "timestamp": "2026-05-28T09:17:00.841226981",
        "meta": {
            "nf-test": "0.9.5",
            "nextflow": "26.04.2"
        }
    },
    "Params: all": {
        "content": [
            27,
            {
                "CAT_FASTQ": {
                    "cat": 9.5
                },
                "EXPERIMENT_SUMMARY": {
                    "experiment-summary": "0.10.4"
                },
                "PIXELATOR_AMPLICON": {
                    "pixelator": "0.28.0"
                },
                "PIXELATOR_ANALYSIS": {
                    "pixelator": "0.28.0"
                },
                "PIXELATOR_COLLAPSE": {
                    "pixelator": "0.28.0"
                },
                "PIXELATOR_COMBINE_COLLAPSE": {
                    "pixelator": "0.28.0"
                },
                "PIXELATOR_DEMUX": {
                    "pixelator": "0.28.0"
                },
                "PIXELATOR_DENOISE": {
                    "pixelator": "0.28.0"
                },
                "PIXELATOR_GRAPH": {
                    "pixelator": "0.28.0"
                },
                "PIXELATOR_LAYOUT": {
                    "pixelator": "0.28.0"
                },
                "PIXELATOR_LIST_OPTIONS": {
                    "pixelator": "0.28.0"
                },
                "Workflow": {
                    "nf-core/pixelator": "v4.1.2dev"
                }
            },
            [
                "pipeline_info",
                "pipeline_info/nf_core_pixelator_software_versions.yml",
                "pipeline_info/samplesheet_proxiome_v2.csv",
                "pixelator",
                "pixelator/amplicon",
                "pixelator/amplicon/pool1.amplicon.fq.zst",
                "pixelator/amplicon/pool1.meta.json",
                "pixelator/amplicon/pool1.report.json",
                "pixelator/amplicon/pool2.amplicon.fq.zst",
                "pixelator/amplicon/pool2.meta.json",
                "pixelator/amplicon/pool2.report.json",
                "pixelator/analysis",
                "pixelator/analysis/sample1.analysis.pxl",
                "pixelator/analysis/sample1.meta.json",
                "pixelator/analysis/sample1.report.json",
                "pixelator/analysis/sample2.analysis.pxl",
                "pixelator/analysis/sample2.meta.json",
                "pixelator/analysis/sample2.report.json",
                "pixelator/analysis/sample3.analysis.pxl",
                "pixelator/analysis/sample3.meta.json",
                "pixelator/analysis/sample3.report.json",
                "pixelator/analysis/sample4.analysis.pxl",
                "pixelator/analysis/sample4.meta.json",
                "pixelator/analysis/sample4.report.json",
                "pixelator/collapse",
                "pixelator/collapse/pool1.collapse.m1.part_000.meta.json",
                "pixelator/collapse/pool1.collapse.m1.part_000.parquet",
                "pixelator/collapse/pool1.collapse.m1.part_000.report.json",
                "pixelator/collapse/pool1.collapse.m2.part_000.meta.json",
                "pixelator/collapse/pool1.collapse.m2.part_000.parquet",
                "pixelator/collapse/pool1.collapse.m2.part_000.report.json",
                "pixelator/collapse/pool1.collapse.parquet",
                "pixelator/collapse/pool1.meta.json",
                "pixelator/collapse/pool1.report.json",
                "pixelator/collapse/pool2.collapse.m1.part_000.meta.json",
                "pixelator/collapse/pool2.collapse.m1.part_000.parquet",
                "pixelator/collapse/pool2.collapse.m1.part_000.report.json",
                "pixelator/collapse/pool2.collapse.m2.part_000.meta.json",
                "pixelator/collapse/pool2.collapse.m2.part_000.parquet",
                "pixelator/collapse/pool2.collapse.m2.part_000.report.json",
                "pixelator/collapse/pool2.collapse.parquet",
                "pixelator/collapse/pool2.meta.json",
                "pixelator/collapse/pool2.report.json",
                "pixelator/demux",
                "pixelator/demux/pool1.demux.failed.fq.zst",
                "pixelator/demux/pool1.demux.m1.part_000.parquet",
                "pixelator/demux/pool1.demux.m2.part_000.parquet",
                "pixelator/demux/pool1.demux.passed.fq.zst",
                "pixelator/demux/pool1.meta.json",
                "pixelator/demux/pool1.report.json",
                "pixelator/demux/pool2.demux.failed.fq.zst",
                "pixelator/demux/pool2.demux.m1.part_000.parquet",
                "pixelator/demux/pool2.demux.m2.part_000.parquet",
                "pixelator/demux/pool2.demux.passed.fq.zst",
                "pixelator/demux/pool2.meta.json",
                "pixelator/demux/pool2.report.json",
                "pixelator/denoise",
                "pixelator/denoise/pool1.meta.json",
                "pixelator/denoise/pool1.report.json",
                "pixelator/denoise/pool2.meta.json",
                "pixelator/denoise/pool2.report.json",
                "pixelator/experiment-summary.html",
                "pixelator/graph",
                "pixelator/graph/pool1.graph.pxl",
                "pixelator/graph/pool1.meta.json",
                "pixelator/graph/pool1.report.json",
                "pixelator/graph/pool2.graph.pxl",
                "pixelator/graph/pool2.meta.json",
                "pixelator/graph/pool2.report.json",
                "pixelator/layout",
                "pixelator/layout/sample1.meta.json",
                "pixelator/layout/sample1.report.json",
                "pixelator/layout/sample2.meta.json",
                "pixelator/layout/sample2.report.json",
                "pixelator/layout/sample3.meta.json",
                "pixelator/layout/sample3.report.json",
                "pixelator/layout/sample4.meta.json",
                "pixelator/layout/sample4.report.json",
                "pixelator/logs",
                "pixelator/logs/pool1",
                "pixelator/logs/pool1.pixelator-combine-collapse.log",
                "pixelator/logs/pool1/pool1.pixelator-amplicon.log",
                "pixelator/logs/pool1/pool1.pixelator-collapse.log",
                "pixelator/logs/pool1/pool1.pixelator-demux.log",
                "pixelator/logs/pool1/pool1.pixelator-denoise.log",
                "pixelator/logs/pool1/pool1.pixelator-graph.log",
                "pixelator/logs/pool1/pool1.pixelator-sample-calling.log",
                "pixelator/logs/pool2",
                "pixelator/logs/pool2.pixelator-combine-collapse.log",
                "pixelator/logs/pool2/pool2.pixelator-amplicon.log",
                "pixelator/logs/pool2/pool2.pixelator-collapse.log",
                "pixelator/logs/pool2/pool2.pixelator-demux.log",
                "pixelator/logs/pool2/pool2.pixelator-denoise.log",
                "pixelator/logs/pool2/pool2.pixelator-graph.log",
                "pixelator/logs/pool2/pool2.pixelator-sample-calling.log",
                "pixelator/logs/sample1",
                "pixelator/logs/sample1/sample1.pixelator-analysis.log",
                "pixelator/logs/sample1/sample1.pixelator-layout.log",
                "pixelator/logs/sample2",
                "pixelator/logs/sample2/sample2.pixelator-analysis.log",
                "pixelator/logs/sample2/sample2.pixelator-layout.log",
                "pixelator/logs/sample3",
                "pixelator/logs/sample3/sample3.pixelator-analysis.log",
                "pixelator/logs/sample3/sample3.pixelator-layout.log",
                "pixelator/logs/sample4",
                "pixelator/logs/sample4/sample4.pixelator-analysis.log",
                "pixelator/logs/sample4/sample4.pixelator-layout.log",
                "pixelator/sample1.layout.pxl",
                "pixelator/sample2.layout.pxl",
                "pixelator/sample3.layout.pxl",
                "pixelator/sample4.layout.pxl",
                "pixelator/sample_calling",
                "pixelator/sample_calling/pool1.sample_calling.report.json",
                "pixelator/sample_calling/pool1_undetermined.meta.json",
                "pixelator/sample_calling/pool1_undetermined.report.json",
                "pixelator/sample_calling/pool2.sample_calling.report.json",
                "pixelator/sample_calling/pool2_undetermined.meta.json",
                "pixelator/sample_calling/pool2_undetermined.report.json",
                "pixelator/sample_calling/sample1.dehashed.pxl",
                "pixelator/sample_calling/sample1.meta.json",
                "pixelator/sample_calling/sample1.report.json",
                "pixelator/sample_calling/sample2.dehashed.pxl",
                "pixelator/sample_calling/sample2.meta.json",
                "pixelator/sample_calling/sample2.report.json",
                "pixelator/sample_calling/sample3.dehashed.pxl",
                "pixelator/sample_calling/sample3.meta.json",
                "pixelator/sample_calling/sample3.report.json",
                "pixelator/sample_calling/sample4.dehashed.pxl",
                "pixelator/sample_calling/sample4.meta.json",
                "pixelator/sample_calling/sample4.report.json"
            ],
            [
                "pool1.meta.json:md5,41c228a0f862dd47e6b4b66b001cc44b",
                "pool2.meta.json:md5,41c228a0f862dd47e6b4b66b001cc44b",
                "sample1.meta.json:md5,2a6eaa66228775591525f74416f0b87f",
                "sample2.meta.json:md5,2a6eaa66228775591525f74416f0b87f",
                "sample3.meta.json:md5,2a6eaa66228775591525f74416f0b87f",
                "sample4.meta.json:md5,2a6eaa66228775591525f74416f0b87f",
                "pool1.meta.json:md5,bd2cd0b99effc41abbed806d3978d0cb",
                "pool2.meta.json:md5,bd2cd0b99effc41abbed806d3978d0cb",
                "pool1.meta.json:md5,eb91c047c438beb4c746cf2acba39ab5",
                "pool2.meta.json:md5,eb91c047c438beb4c746cf2acba39ab5",
                "pool1.meta.json:md5,0047bd705d96abde146ae6692a6a8d9b",
                "pool2.meta.json:md5,0047bd705d96abde146ae6692a6a8d9b",
                "sample1.meta.json:md5,82fcbb6ae5e3156c70978973c862f5f3",
                "sample2.meta.json:md5,82fcbb6ae5e3156c70978973c862f5f3",
                "sample3.meta.json:md5,82fcbb6ae5e3156c70978973c862f5f3",
                "sample4.meta.json:md5,82fcbb6ae5e3156c70978973c862f5f3",
                "pool1_undetermined.meta.json:md5,f59cd8963a4760d34bd2b41e740242b7",
                "pool2_undetermined.meta.json:md5,f59cd8963a4760d34bd2b41e740242b7",
                "sample1.meta.json:md5,f59cd8963a4760d34bd2b41e740242b7",
                "sample2.meta.json:md5,f59cd8963a4760d34bd2b41e740242b7",
                "sample3.meta.json:md5,f59cd8963a4760d34bd2b41e740242b7",
                "sample4.meta.json:md5,f59cd8963a4760d34bd2b41e740242b7"
            ]
        ],
        "timestamp": "2026-05-29T14:11:36.115348351",
        "meta": {
            "nf-test": "0.9.5",
            "nextflow": "26.04.2"
        }
    }
}