{
    "Params: default - stub": {
        "content": [
            35,
            [
                "pipeline_info",
                "pipeline_info/nf_core_pixelator_software_versions.yml",
                "pipeline_info/samplesheet_proxiome_v2.csv",
                "pixelator",
                "pixelator/amplicon",
                "pixelator/amplicon/pool1.amplicon.fq.zst",
                "pixelator/amplicon/pool1.meta.json",
                "pixelator/amplicon/pool1.report.json",
                "pixelator/amplicon/pool2.amplicon.fq.zst",
                "pixelator/amplicon/pool2.meta.json",
                "pixelator/amplicon/pool2.report.json",
                "pixelator/analysis",
                "pixelator/analysis/sample1.meta.json",
                "pixelator/analysis/sample1.pxl",
                "pixelator/analysis/sample1.report.json",
                "pixelator/analysis/sample2.meta.json",
                "pixelator/analysis/sample2.pxl",
                "pixelator/analysis/sample2.report.json",
                "pixelator/analysis/sample3.meta.json",
                "pixelator/analysis/sample3.pxl",
                "pixelator/analysis/sample3.report.json",
                "pixelator/analysis/sample4.meta.json",
                "pixelator/analysis/sample4.pxl",
                "pixelator/analysis/sample4.report.json",
                "pixelator/collapse",
                "pixelator/collapse/pool1.collapse.meta.json",
                "pixelator/collapse/pool1.collapse.parquet",
                "pixelator/collapse/pool1.demux.m1.part_000.meta.json",
                "pixelator/collapse/pool1.demux.m1.part_000.parquet",
                "pixelator/collapse/pool1.demux.m1.part_000.report.json",
                "pixelator/collapse/pool1.demux.m2.part_000.meta.json",
                "pixelator/collapse/pool1.demux.m2.part_000.parquet",
                "pixelator/collapse/pool1.demux.m2.part_000.report.json",
                "pixelator/collapse/pool1.report.json",
                "pixelator/collapse/pool2.collapse.meta.json",
                "pixelator/collapse/pool2.collapse.parquet",
                "pixelator/collapse/pool2.demux.m1.part_000.meta.json",
                "pixelator/collapse/pool2.demux.m1.part_000.parquet",
                "pixelator/collapse/pool2.demux.m1.part_000.report.json",
                "pixelator/collapse/pool2.demux.m2.part_000.meta.json",
                "pixelator/collapse/pool2.demux.m2.part_000.parquet",
                "pixelator/collapse/pool2.demux.m2.part_000.report.json",
                "pixelator/collapse/pool2.report.json",
                "pixelator/demux",
                "pixelator/demux/pool1.demux.failed.fq.zst",
                "pixelator/demux/pool1.demux.m1.part_000.parquet",
                "pixelator/demux/pool1.demux.m2.part_000.parquet",
                "pixelator/demux/pool1.demux.passed.fq.zst",
                "pixelator/demux/pool1.meta.json",
                "pixelator/demux/pool1.report.json",
                "pixelator/demux/pool2.demux.failed.fq.zst",
                "pixelator/demux/pool2.demux.m1.part_000.parquet",
                "pixelator/demux/pool2.demux.m2.part_000.parquet",
                "pixelator/demux/pool2.demux.passed.fq.zst",
                "pixelator/demux/pool2.meta.json",
                "pixelator/demux/pool2.report.json",
                "pixelator/denoise",
                "pixelator/denoise/pool1.meta.json",
                "pixelator/denoise/pool1.report.json",
                "pixelator/denoise/pool2.meta.json",
                "pixelator/denoise/pool2.report.json",
                "pixelator/experiment-summary.html",
                "pixelator/graph",
                "pixelator/graph/pool1.meta.json",
                "pixelator/graph/pool1.pxl",
                "pixelator/graph/pool1.report.json",
                "pixelator/graph/pool2.meta.json",
                "pixelator/graph/pool2.pxl",
                "pixelator/graph/pool2.report.json",
                "pixelator/layout",
                "pixelator/layout/sample1.meta.json",
                "pixelator/layout/sample1.report.json",
                "pixelator/layout/sample2.meta.json",
                "pixelator/layout/sample2.report.json",
                "pixelator/layout/sample3.meta.json",
                "pixelator/layout/sample3.report.json",
                "pixelator/layout/sample4.meta.json",
                "pixelator/layout/sample4.report.json",
                "pixelator/logs",
                "pixelator/logs/pool1",
                "pixelator/logs/pool1.pixelator-combine-collapse.log",
                "pixelator/logs/pool1/pool1.demux.m1.part_000.pixelator-collapse.log",
                "pixelator/logs/pool1/pool1.demux.m2.part_000.pixelator-collapse.log",
                "pixelator/logs/pool1/pool1.pixelator-amplicon.log",
                "pixelator/logs/pool1/pool1.pixelator-demux.log",
                "pixelator/logs/pool1/pool1.pixelator-denoise.log",
                "pixelator/logs/pool1/pool1.pixelator-graph.log",
                "pixelator/logs/pool1/pool1.pixelator-sample-calling.log",
                "pixelator/logs/pool2",
                "pixelator/logs/pool2.pixelator-combine-collapse.log",
                "pixelator/logs/pool2/pool2.demux.m1.part_000.pixelator-collapse.log",
                "pixelator/logs/pool2/pool2.demux.m2.part_000.pixelator-collapse.log",
                "pixelator/logs/pool2/pool2.pixelator-amplicon.log",
                "pixelator/logs/pool2/pool2.pixelator-demux.log",
                "pixelator/logs/pool2/pool2.pixelator-denoise.log",
                "pixelator/logs/pool2/pool2.pixelator-graph.log",
                "pixelator/logs/pool2/pool2.pixelator-sample-calling.log",
                "pixelator/logs/sample1",
                "pixelator/logs/sample1/sample1.pixelator-analysis.log",
                "pixelator/logs/sample1/sample1.pixelator-layout.log",
                "pixelator/logs/sample2",
                "pixelator/logs/sample2/sample2.pixelator-analysis.log",
                "pixelator/logs/sample2/sample2.pixelator-layout.log",
                "pixelator/logs/sample3",
                "pixelator/logs/sample3/sample3.pixelator-analysis.log",
                "pixelator/logs/sample3/sample3.pixelator-layout.log",
                "pixelator/logs/sample4",
                "pixelator/logs/sample4/sample4.pixelator-analysis.log",
                "pixelator/logs/sample4/sample4.pixelator-layout.log",
                "pixelator/sample1.pxl",
                "pixelator/sample2.pxl",
                "pixelator/sample3.pxl",
                "pixelator/sample4.pxl",
                "pixelator/sample_calling",
                "pixelator/sample_calling/pool1.sample_calling.meta.json",
                "pixelator/sample_calling/pool1.sample_calling.report.json",
                "pixelator/sample_calling/pool2.sample_calling.meta.json",
                "pixelator/sample_calling/pool2.sample_calling.report.json",
                "pixelator/sample_calling/sample1.dehashed.pxl",
                "pixelator/sample_calling/sample2.dehashed.pxl",
                "pixelator/sample_calling/sample3.dehashed.pxl",
                "pixelator/sample_calling/sample4.dehashed.pxl"
            ],
            [
                "pool1.meta.json:md5,d41d8cd98f00b204e9800998ecf8427e",
                "pool2.meta.json:md5,d41d8cd98f00b204e9800998ecf8427e",
                "sample1.meta.json:md5,d41d8cd98f00b204e9800998ecf8427e",
                "sample2.meta.json:md5,d41d8cd98f00b204e9800998ecf8427e",
                "sample3.meta.json:md5,d41d8cd98f00b204e9800998ecf8427e",
                "sample4.meta.json:md5,d41d8cd98f00b204e9800998ecf8427e",
                "pool1.meta.json:md5,d41d8cd98f00b204e9800998ecf8427e",
                "pool2.meta.json:md5,d41d8cd98f00b204e9800998ecf8427e",
                "pool1.meta.json:md5,d41d8cd98f00b204e9800998ecf8427e",
                "pool2.meta.json:md5,d41d8cd98f00b204e9800998ecf8427e",
                "pool1.meta.json:md5,d41d8cd98f00b204e9800998ecf8427e",
                "pool2.meta.json:md5,d41d8cd98f00b204e9800998ecf8427e",
                "sample1.meta.json:md5,d41d8cd98f00b204e9800998ecf8427e",
                "sample2.meta.json:md5,d41d8cd98f00b204e9800998ecf8427e",
                "sample3.meta.json:md5,d41d8cd98f00b204e9800998ecf8427e",
                "sample4.meta.json:md5,d41d8cd98f00b204e9800998ecf8427e",
                "pool1.sample_calling.meta.json:md5,d41d8cd98f00b204e9800998ecf8427e",
                "pool2.sample_calling.meta.json:md5,d41d8cd98f00b204e9800998ecf8427e"
            ],
            {
                "CAT_FASTQ": {
                    "cat": 9.5
                },
                "EXPERIMENT_SUMMARY": {
                    "experiment-summary": "0.12.0"
                },
                "PIXELATOR_AMPLICON": {
                    "pixelator": "0.30.0"
                },
                "PIXELATOR_ANALYSIS": {
                    "pixelator": "0.30.0"
                },
                "PIXELATOR_COLLAPSE": {
                    "pixelator": "0.30.0"
                },
                "PIXELATOR_COMBINE_COLLAPSE": {
                    "pixelator": "0.30.0"
                },
                "PIXELATOR_DEMUX": {
                    "pixelator": "0.30.0"
                },
                "PIXELATOR_DENOISE": {
                    "pixelator": "0.30.0"
                },
                "PIXELATOR_GRAPH": {
                    "pixelator": "0.30.0"
                },
                "PIXELATOR_LAYOUT": {
                    "pixelator": "0.30.0"
                },
                "PIXELATOR_LIST_OPTIONS": {
                    "pixelator": "0.30.0"
                },
                "PIXELATOR_SAMPLE_CALLING": {
                    "pixelator": "0.30.0"
                },
                "Workflow": {
                    "nf-core/pixelator": "v5.1.0dev"
                }
            }
        ],
        "timestamp": "2026-08-10T17:07:01.283729267",
        "meta": {
            "nf-test": "0.9.5",
            "nextflow": "26.04.2"
        }
    },
    "Params: all": {
        "content": [
            27,
            {
                "CAT_FASTQ": {
                    "cat": 9.5
                },
                "EXPERIMENT_SUMMARY": {
                    "experiment-summary": "0.12.0"
                },
                "PIXELATOR_AMPLICON": {
                    "pixelator": "0.30.0"
                },
                "PIXELATOR_ANALYSIS": {
                    "pixelator": "0.30.0"
                },
                "PIXELATOR_COLLAPSE": {
                    "pixelator": "0.30.0"
                },
                "PIXELATOR_COMBINE_COLLAPSE": {
                    "pixelator": "0.30.0"
                },
                "PIXELATOR_DEMUX": {
                    "pixelator": "0.30.0"
                },
                "PIXELATOR_DENOISE": {
                    "pixelator": "0.30.0"
                },
                "PIXELATOR_GRAPH": {
                    "pixelator": "0.30.0"
                },
                "PIXELATOR_LAYOUT": {
                    "pixelator": "0.30.0"
                },
                "PIXELATOR_LIST_OPTIONS": {
                    "pixelator": "0.30.0"
                },
                "PIXELATOR_SAMPLE_CALLING": {
                    "pixelator": "0.30.0"
                },
                "Workflow": {
                    "nf-core/pixelator": "v5.1.0dev"
                }
            },
            [
                "pipeline_info",
                "pipeline_info/nf_core_pixelator_software_versions.yml",
                "pipeline_info/samplesheet_proxiome_v2.csv",
                "pixelator",
                "pixelator/amplicon",
                "pixelator/amplicon/pool1.amplicon.fq.zst",
                "pixelator/amplicon/pool1.meta.json",
                "pixelator/amplicon/pool1.report.json",
                "pixelator/amplicon/pool2.amplicon.fq.zst",
                "pixelator/amplicon/pool2.meta.json",
                "pixelator/amplicon/pool2.report.json",
                "pixelator/analysis",
                "pixelator/analysis/sample1.analysis.pxl",
                "pixelator/analysis/sample1.meta.json",
                "pixelator/analysis/sample1.report.json",
                "pixelator/analysis/sample2.analysis.pxl",
                "pixelator/analysis/sample2.meta.json",
                "pixelator/analysis/sample2.report.json",
                "pixelator/analysis/sample3.analysis.pxl",
                "pixelator/analysis/sample3.meta.json",
                "pixelator/analysis/sample3.report.json",
                "pixelator/analysis/sample4.analysis.pxl",
                "pixelator/analysis/sample4.meta.json",
                "pixelator/analysis/sample4.report.json",
                "pixelator/collapse",
                "pixelator/collapse/pool1.collapse.m1.part_000.meta.json",
                "pixelator/collapse/pool1.collapse.m1.part_000.parquet",
                "pixelator/collapse/pool1.collapse.m1.part_000.report.json",
                "pixelator/collapse/pool1.collapse.m2.part_000.meta.json",
                "pixelator/collapse/pool1.collapse.m2.part_000.parquet",
                "pixelator/collapse/pool1.collapse.m2.part_000.report.json",
                "pixelator/collapse/pool1.collapse.parquet",
                "pixelator/collapse/pool1.meta.json",
                "pixelator/collapse/pool1.report.json",
                "pixelator/collapse/pool2.collapse.m1.part_000.meta.json",
                "pixelator/collapse/pool2.collapse.m1.part_000.parquet",
                "pixelator/collapse/pool2.collapse.m1.part_000.report.json",
                "pixelator/collapse/pool2.collapse.m2.part_000.meta.json",
                "pixelator/collapse/pool2.collapse.m2.part_000.parquet",
                "pixelator/collapse/pool2.collapse.m2.part_000.report.json",
                "pixelator/collapse/pool2.collapse.parquet",
                "pixelator/collapse/pool2.meta.json",
                "pixelator/collapse/pool2.report.json",
                "pixelator/demux",
                "pixelator/demux/pool1.demux.failed.fq.zst",
                "pixelator/demux/pool1.demux.m1.part_000.parquet",
                "pixelator/demux/pool1.demux.m2.part_000.parquet",
                "pixelator/demux/pool1.demux.passed.fq.zst",
                "pixelator/demux/pool1.meta.json",
                "pixelator/demux/pool1.report.json",
                "pixelator/demux/pool2.demux.failed.fq.zst",
                "pixelator/demux/pool2.demux.m1.part_000.parquet",
                "pixelator/demux/pool2.demux.m2.part_000.parquet",
                "pixelator/demux/pool2.demux.passed.fq.zst",
                "pixelator/demux/pool2.meta.json",
                "pixelator/demux/pool2.report.json",
                "pixelator/denoise",
                "pixelator/denoise/pool1.meta.json",
                "pixelator/denoise/pool1.report.json",
                "pixelator/denoise/pool2.meta.json",
                "pixelator/denoise/pool2.report.json",
                "pixelator/experiment-summary.html",
                "pixelator/graph",
                "pixelator/graph/pool1.graph.pxl",
                "pixelator/graph/pool1.meta.json",
                "pixelator/graph/pool1.report.json",
                "pixelator/graph/pool2.graph.pxl",
                "pixelator/graph/pool2.meta.json",
                "pixelator/graph/pool2.report.json",
                "pixelator/layout",
                "pixelator/layout/sample1.meta.json",
                "pixelator/layout/sample1.report.json",
                "pixelator/layout/sample2.meta.json",
                "pixelator/layout/sample2.report.json",
                "pixelator/layout/sample3.meta.json",
                "pixelator/layout/sample3.report.json",
                "pixelator/layout/sample4.meta.json",
                "pixelator/layout/sample4.report.json",
                "pixelator/logs",
                "pixelator/logs/pool1",
                "pixelator/logs/pool1.pixelator-combine-collapse.log",
                "pixelator/logs/pool1/pool1.pixelator-amplicon.log",
                "pixelator/logs/pool1/pool1.pixelator-collapse.log",
                "pixelator/logs/pool1/pool1.pixelator-demux.log",
                "pixelator/logs/pool1/pool1.pixelator-denoise.log",
                "pixelator/logs/pool1/pool1.pixelator-graph.log",
                "pixelator/logs/pool1/pool1.pixelator-sample-calling.log",
                "pixelator/logs/pool2",
                "pixelator/logs/pool2.pixelator-combine-collapse.log",
                "pixelator/logs/pool2/pool2.pixelator-amplicon.log",
                "pixelator/logs/pool2/pool2.pixelator-collapse.log",
                "pixelator/logs/pool2/pool2.pixelator-demux.log",
                "pixelator/logs/pool2/pool2.pixelator-denoise.log",
                "pixelator/logs/pool2/pool2.pixelator-graph.log",
                "pixelator/logs/pool2/pool2.pixelator-sample-calling.log",
                "pixelator/logs/sample1",
                "pixelator/logs/sample1/sample1.pixelator-analysis.log",
                "pixelator/logs/sample1/sample1.pixelator-layout.log",
                "pixelator/logs/sample2",
                "pixelator/logs/sample2/sample2.pixelator-analysis.log",
                "pixelator/logs/sample2/sample2.pixelator-layout.log",
                "pixelator/logs/sample3",
                "pixelator/logs/sample3/sample3.pixelator-analysis.log",
                "pixelator/logs/sample3/sample3.pixelator-layout.log",
                "pixelator/logs/sample4",
                "pixelator/logs/sample4/sample4.pixelator-analysis.log",
                "pixelator/logs/sample4/sample4.pixelator-layout.log",
                "pixelator/sample1.layout.pxl",
                "pixelator/sample2.layout.pxl",
                "pixelator/sample3.layout.pxl",
                "pixelator/sample4.layout.pxl",
                "pixelator/sample_calling",
                "pixelator/sample_calling/pool1.sample_calling.report.json",
                "pixelator/sample_calling/pool1_undetermined.meta.json",
                "pixelator/sample_calling/pool1_undetermined.report.json",
                "pixelator/sample_calling/pool2.sample_calling.report.json",
                "pixelator/sample_calling/pool2_undetermined.meta.json",
                "pixelator/sample_calling/pool2_undetermined.report.json",
                "pixelator/sample_calling/sample1.dehashed.pxl",
                "pixelator/sample_calling/sample1.meta.json",
                "pixelator/sample_calling/sample1.report.json",
                "pixelator/sample_calling/sample2.dehashed.pxl",
                "pixelator/sample_calling/sample2.meta.json",
                "pixelator/sample_calling/sample2.report.json",
                "pixelator/sample_calling/sample3.dehashed.pxl",
                "pixelator/sample_calling/sample3.meta.json",
                "pixelator/sample_calling/sample3.report.json",
                "pixelator/sample_calling/sample4.dehashed.pxl",
                "pixelator/sample_calling/sample4.meta.json",
                "pixelator/sample_calling/sample4.report.json"
            ],
            [
                "pool1.meta.json:md5,bfe82dd32aca9c0d7a9b3d519c900c82",
                "pool2.meta.json:md5,d93642fbeda995f94dd9b3cc7c4410cd",
                "sample1.meta.json:md5,b4abcb77ffb81b3cc110a62450bf408d",
                "sample2.meta.json:md5,eab080e50a22bfc4e8019ae7e7722af4",
                "sample3.meta.json:md5,e24898dbd7b171fa9586e63b0043fe9e",
                "sample4.meta.json:md5,c13cad963e5abb23aff16448c7fb1d52",
                "pool1.meta.json:md5,40ef97611a55c22ecec6c4c12fc10a08",
                "pool2.meta.json:md5,69faa2867a9adbe9d31cf1df952ad400",
                "pool1.meta.json:md5,56f23ec41ca892054cc7b482844d3667",
                "pool2.meta.json:md5,7a42dca36c56d8a6a7a8c1cabd373e28",
                "pool1.meta.json:md5,f18197085b264092e6d274c9316a67d0",
                "pool2.meta.json:md5,7cba4d74d788ffe1c6e6242fce9fe96c",
                "sample1.meta.json:md5,7d863a36994614a1a35732678fe56698",
                "sample2.meta.json:md5,dafc8ba5b2c276d5ca250fd3c9b44041",
                "sample3.meta.json:md5,da9d16d70214bb30b46e54ebc6fd0ee3",
                "sample4.meta.json:md5,090d139c08a2c247b3be3bc5cbf23d95",
                "pool1_undetermined.meta.json:md5,77562e6d9d85d5627e6bd6f718119065",
                "pool2_undetermined.meta.json:md5,2a3aee088c0b065f76d4362480f28a1b",
                "sample1.meta.json:md5,77562e6d9d85d5627e6bd6f718119065",
                "sample2.meta.json:md5,77562e6d9d85d5627e6bd6f718119065",
                "sample3.meta.json:md5,2a3aee088c0b065f76d4362480f28a1b",
                "sample4.meta.json:md5,2a3aee088c0b065f76d4362480f28a1b"
            ]
        ],
        "timestamp": "2026-08-10T17:06:11.900974005",
        "meta": {
            "nf-test": "0.9.5",
            "nextflow": "26.04.2"
        }
    }
}