{
    "Default parameters [design: proxiome-v1, panel: proxiome-v1-immuno-155-v1.1]": {
        "content": [
            19,
            [
                "pipeline_info",
                "pixelator",
                "pixelator/amplicon",
                "pixelator/amplicon/sample1.amplicon.fq.zst",
                "pixelator/amplicon/sample1.meta.json",
                "pixelator/amplicon/sample1.report.json",
                "pixelator/analysis",
                "pixelator/analysis/sample1.analysis.pxl",
                "pixelator/analysis/sample1.meta.json",
                "pixelator/analysis/sample1.report.json",
                "pixelator/collapse",
                "pixelator/collapse/sample1.collapse.m1.part_000.meta.json",
                "pixelator/collapse/sample1.collapse.m1.part_000.parquet",
                "pixelator/collapse/sample1.collapse.m1.part_000.report.json",
                "pixelator/collapse/sample1.collapse.m1.part_001.meta.json",
                "pixelator/collapse/sample1.collapse.m1.part_001.parquet",
                "pixelator/collapse/sample1.collapse.m1.part_001.report.json",
                "pixelator/collapse/sample1.collapse.m1.part_002.meta.json",
                "pixelator/collapse/sample1.collapse.m1.part_002.parquet",
                "pixelator/collapse/sample1.collapse.m1.part_002.report.json",
                "pixelator/collapse/sample1.collapse.m1.part_003.meta.json",
                "pixelator/collapse/sample1.collapse.m1.part_003.parquet",
                "pixelator/collapse/sample1.collapse.m1.part_003.report.json",
                "pixelator/collapse/sample1.collapse.m1.part_004.meta.json",
                "pixelator/collapse/sample1.collapse.m1.part_004.parquet",
                "pixelator/collapse/sample1.collapse.m1.part_004.report.json",
                "pixelator/collapse/sample1.collapse.m1.part_005.meta.json",
                "pixelator/collapse/sample1.collapse.m1.part_005.parquet",
                "pixelator/collapse/sample1.collapse.m1.part_005.report.json",
                "pixelator/collapse/sample1.collapse.m2.part_000.meta.json",
                "pixelator/collapse/sample1.collapse.m2.part_000.parquet",
                "pixelator/collapse/sample1.collapse.m2.part_000.report.json",
                "pixelator/collapse/sample1.collapse.m2.part_001.meta.json",
                "pixelator/collapse/sample1.collapse.m2.part_001.parquet",
                "pixelator/collapse/sample1.collapse.m2.part_001.report.json",
                "pixelator/collapse/sample1.collapse.m2.part_002.meta.json",
                "pixelator/collapse/sample1.collapse.m2.part_002.parquet",
                "pixelator/collapse/sample1.collapse.m2.part_002.report.json",
                "pixelator/collapse/sample1.collapse.m2.part_003.meta.json",
                "pixelator/collapse/sample1.collapse.m2.part_003.parquet",
                "pixelator/collapse/sample1.collapse.m2.part_003.report.json",
                "pixelator/collapse/sample1.collapse.m2.part_004.meta.json",
                "pixelator/collapse/sample1.collapse.m2.part_004.parquet",
                "pixelator/collapse/sample1.collapse.m2.part_004.report.json",
                "pixelator/collapse/sample1.collapse.m2.part_005.meta.json",
                "pixelator/collapse/sample1.collapse.m2.part_005.parquet",
                "pixelator/collapse/sample1.collapse.m2.part_005.report.json",
                "pixelator/collapse/sample1.collapse.parquet",
                "pixelator/collapse/sample1.meta.json",
                "pixelator/collapse/sample1.report.json",
                "pixelator/demux",
                "pixelator/demux/sample1.demux.failed.fq.zst",
                "pixelator/demux/sample1.demux.m1.part_000.parquet",
                "pixelator/demux/sample1.demux.m1.part_001.parquet",
                "pixelator/demux/sample1.demux.m1.part_002.parquet",
                "pixelator/demux/sample1.demux.m1.part_003.parquet",
                "pixelator/demux/sample1.demux.m1.part_004.parquet",
                "pixelator/demux/sample1.demux.m1.part_005.parquet",
                "pixelator/demux/sample1.demux.m2.part_000.parquet",
                "pixelator/demux/sample1.demux.m2.part_001.parquet",
                "pixelator/demux/sample1.demux.m2.part_002.parquet",
                "pixelator/demux/sample1.demux.m2.part_003.parquet",
                "pixelator/demux/sample1.demux.m2.part_004.parquet",
                "pixelator/demux/sample1.demux.m2.part_005.parquet",
                "pixelator/demux/sample1.demux.passed.fq.zst",
                "pixelator/demux/sample1.meta.json",
                "pixelator/demux/sample1.report.json",
                "pixelator/denoise",
                "pixelator/denoise/sample1.denoised_graph.pxl",
                "pixelator/denoise/sample1.meta.json",
                "pixelator/denoise/sample1.report.json",
                "pixelator/graph",
                "pixelator/graph/sample1.graph.pxl",
                "pixelator/graph/sample1.meta.json",
                "pixelator/graph/sample1.report.json",
                "pixelator/layout",
                "pixelator/layout/sample1.layout.pxl",
                "pixelator/layout/sample1.meta.json",
                "pixelator/layout/sample1.report.json",
                "pixelator/logs",
                "pixelator/logs/sample1.pixelator-amplicon.log",
                "pixelator/logs/sample1.pixelator-analysis.log",
                "pixelator/logs/sample1.pixelator-collapse.log",
                "pixelator/logs/sample1.pixelator-combine-collapse.log",
                "pixelator/logs/sample1.pixelator-demux.log",
                "pixelator/logs/sample1.pixelator-denoise.log",
                "pixelator/logs/sample1.pixelator-graph.log",
                "pixelator/logs/sample1.pixelator-layout.log"
            ]
        ],
        "timestamp": "2026-05-21T13:27:10.984127921",
        "meta": {
            "nf-test": "0.9.5",
            "nextflow": "26.04.0"
        }
    }
}