{
    "Test PNA layout - small test": {
        "content": [
            1,
            [
                "pipeline_info",
                "pixelator",
                "pixelator/layout",
                "pixelator/layout/sample1.meta.json",
                "pixelator/layout/sample1.report.json",
                "pixelator/logs",
                "pixelator/logs/sample1",
                "pixelator/logs/sample1/sample1.pixelator-layout.log",
                "pixelator/sample1.layout.pxl"
            ],
            [
                [
                    "PIXELATOR_LAYOUT",
                    "pixelator",
                    "0.28.0"
                ]
            ]
        ],
        "timestamp": "2026-05-27T13:34:08.047886362",
        "meta": {
            "nf-test": "0.9.5",
            "nextflow": "25.10.5"
        }
    },
    "Test PNA layout - stub": {
        "content": [
            {
                "0": [
                    [
                        {
                            "id": "sample1",
                            "design": "proxiome-v2",
                            "panel": "proxiome-v2-immuno-155-v2.0",
                            "technology": "proxiome-v2"
                        },
                        "sample1.pxl:md5,d41d8cd98f00b204e9800998ecf8427e"
                    ]
                ],
                "1": [
                    [
                        {
                            "id": "sample1",
                            "design": "proxiome-v2",
                            "panel": "proxiome-v2-immuno-155-v2.0",
                            "technology": "proxiome-v2"
                        },
                        "sample1.report.json:md5,d41d8cd98f00b204e9800998ecf8427e"
                    ]
                ],
                "2": [
                    [
                        {
                            "id": "sample1",
                            "design": "proxiome-v2",
                            "panel": "proxiome-v2-immuno-155-v2.0",
                            "technology": "proxiome-v2"
                        },
                        "sample1.meta.json:md5,d41d8cd98f00b204e9800998ecf8427e"
                    ]
                ],
                "3": [
                    [
                        {
                            "id": "sample1",
                            "design": "proxiome-v2",
                            "panel": "proxiome-v2-immuno-155-v2.0",
                            "technology": "proxiome-v2"
                        },
                        [
                            "sample1.meta.json:md5,d41d8cd98f00b204e9800998ecf8427e",
                            "sample1.pxl:md5,d41d8cd98f00b204e9800998ecf8427e",
                            "sample1.report.json:md5,d41d8cd98f00b204e9800998ecf8427e"
                        ]
                    ]
                ],
                "4": [
                    [
                        {
                            "id": "sample1",
                            "design": "proxiome-v2",
                            "panel": "proxiome-v2-immuno-155-v2.0",
                            "technology": "proxiome-v2"
                        },
                        "sample1.pixelator-layout.log:md5,d41d8cd98f00b204e9800998ecf8427e"
                    ]
                ],
                "5": [
                    [
                        "layout",
                        [
                            "sample1.meta.json:md5,d41d8cd98f00b204e9800998ecf8427e",
                            "sample1.pxl:md5,d41d8cd98f00b204e9800998ecf8427e",
                            "sample1.report.json:md5,d41d8cd98f00b204e9800998ecf8427e"
                        ]
                    ]
                ],
                "6": [
                    [
                        "PIXELATOR_LAYOUT",
                        "pixelator",
                        "0.28.0"
                    ]
                ],
                "all_results": [
                    [
                        {
                            "id": "sample1",
                            "design": "proxiome-v2",
                            "panel": "proxiome-v2-immuno-155-v2.0",
                            "technology": "proxiome-v2"
                        },
                        [
                            "sample1.meta.json:md5,d41d8cd98f00b204e9800998ecf8427e",
                            "sample1.pxl:md5,d41d8cd98f00b204e9800998ecf8427e",
                            "sample1.report.json:md5,d41d8cd98f00b204e9800998ecf8427e"
                        ]
                    ]
                ],
                "log": [
                    [
                        {
                            "id": "sample1",
                            "design": "proxiome-v2",
                            "panel": "proxiome-v2-immuno-155-v2.0",
                            "technology": "proxiome-v2"
                        },
                        "sample1.pixelator-layout.log:md5,d41d8cd98f00b204e9800998ecf8427e"
                    ]
                ],
                "metadata_json": [
                    [
                        {
                            "id": "sample1",
                            "design": "proxiome-v2",
                            "panel": "proxiome-v2-immuno-155-v2.0",
                            "technology": "proxiome-v2"
                        },
                        "sample1.meta.json:md5,d41d8cd98f00b204e9800998ecf8427e"
                    ]
                ],
                "pixelfile": [
                    [
                        {
                            "id": "sample1",
                            "design": "proxiome-v2",
                            "panel": "proxiome-v2-immuno-155-v2.0",
                            "technology": "proxiome-v2"
                        },
                        "sample1.pxl:md5,d41d8cd98f00b204e9800998ecf8427e"
                    ]
                ],
                "report_json": [
                    [
                        {
                            "id": "sample1",
                            "design": "proxiome-v2",
                            "panel": "proxiome-v2-immuno-155-v2.0",
                            "technology": "proxiome-v2"
                        },
                        "sample1.report.json:md5,d41d8cd98f00b204e9800998ecf8427e"
                    ]
                ],
                "versions_pixelator": [
                    [
                        "PIXELATOR_LAYOUT",
                        "pixelator",
                        "0.28.0"
                    ]
                ]
            }
        ],
        "timestamp": "2026-05-29T14:13:11.19895797",
        "meta": {
            "nf-test": "0.9.5",
            "nextflow": "26.04.2"
        }
    }
}