{
    "PNA graph - stub": {
        "content": [
            {
                "0": [
                    [
                        {
                            "id": "pool1",
                            "design": "proxiome-v2",
                            "panel": "proxiome-v2-immuno-155-v1.0",
                            "technology": "proxiome-v2"
                        },
                        [
                            "pool1.meta.json:md5,d41d8cd98f00b204e9800998ecf8427e",
                            "pool1.pxl:md5,d41d8cd98f00b204e9800998ecf8427e",
                            "pool1.report.json:md5,d41d8cd98f00b204e9800998ecf8427e"
                        ]
                    ]
                ],
                "1": [
                    [
                        {
                            "id": "pool1",
                            "design": "proxiome-v2",
                            "panel": "proxiome-v2-immuno-155-v1.0",
                            "technology": "proxiome-v2"
                        },
                        "pool1.pxl:md5,d41d8cd98f00b204e9800998ecf8427e"
                    ]
                ],
                "2": [
                    [
                        {
                            "id": "pool1",
                            "design": "proxiome-v2",
                            "panel": "proxiome-v2-immuno-155-v1.0",
                            "technology": "proxiome-v2"
                        },
                        "pool1.report.json:md5,d41d8cd98f00b204e9800998ecf8427e"
                    ]
                ],
                "3": [
                    [
                        {
                            "id": "pool1",
                            "design": "proxiome-v2",
                            "panel": "proxiome-v2-immuno-155-v1.0",
                            "technology": "proxiome-v2"
                        },
                        "pool1.meta.json:md5,d41d8cd98f00b204e9800998ecf8427e"
                    ]
                ],
                "4": [
                    [
                        {
                            "id": "pool1",
                            "design": "proxiome-v2",
                            "panel": "proxiome-v2-immuno-155-v1.0",
                            "technology": "proxiome-v2"
                        },
                        "pool1.pixelator-graph.log:md5,d41d8cd98f00b204e9800998ecf8427e"
                    ]
                ],
                "5": [
                    [
                        "graph",
                        [
                            "pool1.meta.json:md5,d41d8cd98f00b204e9800998ecf8427e",
                            "pool1.pxl:md5,d41d8cd98f00b204e9800998ecf8427e",
                            "pool1.report.json:md5,d41d8cd98f00b204e9800998ecf8427e"
                        ]
                    ]
                ],
                "6": [
                    [
                        "PIXELATOR_GRAPH",
                        "pixelator",
                        "0.26.0"
                    ]
                ],
                "all_results": [
                    [
                        {
                            "id": "pool1",
                            "design": "proxiome-v2",
                            "panel": "proxiome-v2-immuno-155-v1.0",
                            "technology": "proxiome-v2"
                        },
                        [
                            "pool1.meta.json:md5,d41d8cd98f00b204e9800998ecf8427e",
                            "pool1.pxl:md5,d41d8cd98f00b204e9800998ecf8427e",
                            "pool1.report.json:md5,d41d8cd98f00b204e9800998ecf8427e"
                        ]
                    ]
                ],
                "log": [
                    [
                        {
                            "id": "pool1",
                            "design": "proxiome-v2",
                            "panel": "proxiome-v2-immuno-155-v1.0",
                            "technology": "proxiome-v2"
                        },
                        "pool1.pixelator-graph.log:md5,d41d8cd98f00b204e9800998ecf8427e"
                    ]
                ],
                "metadata_json": [
                    [
                        {
                            "id": "pool1",
                            "design": "proxiome-v2",
                            "panel": "proxiome-v2-immuno-155-v1.0",
                            "technology": "proxiome-v2"
                        },
                        "pool1.meta.json:md5,d41d8cd98f00b204e9800998ecf8427e"
                    ]
                ],
                "pixelfile": [
                    [
                        {
                            "id": "pool1",
                            "design": "proxiome-v2",
                            "panel": "proxiome-v2-immuno-155-v1.0",
                            "technology": "proxiome-v2"
                        },
                        "pool1.pxl:md5,d41d8cd98f00b204e9800998ecf8427e"
                    ]
                ],
                "report_json": [
                    [
                        {
                            "id": "pool1",
                            "design": "proxiome-v2",
                            "panel": "proxiome-v2-immuno-155-v1.0",
                            "technology": "proxiome-v2"
                        },
                        "pool1.report.json:md5,d41d8cd98f00b204e9800998ecf8427e"
                    ]
                ],
                "versions_pixelator": [
                    [
                        "PIXELATOR_GRAPH",
                        "pixelator",
                        "0.26.0"
                    ]
                ]
            }
        ],
        "timestamp": "2026-05-20T14:31:00.131846199",
        "meta": {
            "nf-test": "0.9.5",
            "nextflow": "26.04.0"
        }
    },
    "PNA graph - small test": {
        "content": [
            1,
            [
                "pipeline_info",
                "pixelator",
                "pixelator/graph",
                "pixelator/graph/pool1.graph.pxl",
                "pixelator/graph/pool1.meta.json",
                "pixelator/graph/pool1.report.json",
                "pixelator/logs",
                "pixelator/logs/pool1",
                "pixelator/logs/pool1/pool1.pixelator-graph.log"
            ],
            [
                [
                    "PIXELATOR_GRAPH",
                    "pixelator",
                    "0.26.0"
                ]
            ]
        ],
        "timestamp": "2026-05-21T12:02:11.997776808",
        "meta": {
            "nf-test": "0.9.5",
            "nextflow": "26.04.0"
        }
    }
}