{
    "Test MPX report - SCSP v1 | Immunology-I": {
        "content": [
            null,
            [
                "versions.yml:md5,2a9fd8a87a02fbd4b9c0d087aee3643b"
            ]
        ],
        "meta": {
            "nf-test": "0.9.3",
            "nextflow": "25.10.0"
        },
        "timestamp": "2025-10-31T13:33:24.598297308"
    }
}