{
    "Test MPX report - stub": {
        "content": [
            {
                "0": [
                    [
                        {
                            "id": "sample01_1k_pbmcs_scsp_v1_immunology1",
                            "design": "D21",
                            "panel": "human-sc-immunology-spatial-proteomics-1",
                            "technology": "mpx"
                        },
                        "sample01_1k_pbmcs_scsp_v1_immunology1.html:md5,d41d8cd98f00b204e9800998ecf8427e"
                    ]
                ],
                "1": [
                    [
                        {
                            "id": "sample01_1k_pbmcs_scsp_v1_immunology1",
                            "design": "D21",
                            "panel": "human-sc-immunology-spatial-proteomics-1",
                            "technology": "mpx"
                        },
                        "sample01_1k_pbmcs_scsp_v1_immunology1.pixelator-report.log:md5,d41d8cd98f00b204e9800998ecf8427e"
                    ]
                ],
                "2": [
                    [
                        "PIXELATOR_REPORT",
                        "pixelator",
                        "0.23.0"
                    ]
                ],
                "log": [
                    [
                        {
                            "id": "sample01_1k_pbmcs_scsp_v1_immunology1",
                            "design": "D21",
                            "panel": "human-sc-immunology-spatial-proteomics-1",
                            "technology": "mpx"
                        },
                        "sample01_1k_pbmcs_scsp_v1_immunology1.pixelator-report.log:md5,d41d8cd98f00b204e9800998ecf8427e"
                    ]
                ],
                "reports": [
                    [
                        {
                            "id": "sample01_1k_pbmcs_scsp_v1_immunology1",
                            "design": "D21",
                            "panel": "human-sc-immunology-spatial-proteomics-1",
                            "technology": "mpx"
                        },
                        "sample01_1k_pbmcs_scsp_v1_immunology1.html:md5,d41d8cd98f00b204e9800998ecf8427e"
                    ]
                ],
                "versions_pixelator": [
                    [
                        "PIXELATOR_REPORT",
                        "pixelator",
                        "0.23.0"
                    ]
                ]
            }
        ],
        "meta": {
            "nf-test": "0.9.3",
            "nextflow": "25.10.2"
        },
        "timestamp": "2025-12-11T14:04:44.266292774"
    },
    "Test MPX report - SCSP v1 | Immunology-I": {
        "content": [
            1,
            [
                "pixelator",
                "pixelator/logs",
                "pixelator/logs/sample01_1k_pbmcs_scsp_v1_immunology1",
                "pixelator/logs/sample01_1k_pbmcs_scsp_v1_immunology1/sample01_1k_pbmcs_scsp_v1_immunology1.pixelator-report.log",
                "pixelator/sample01_1k_pbmcs_scsp_v1_immunology1.qc-report.html"
            ],
            [
                [
                    "PIXELATOR_REPORT",
                    "pixelator",
                    "0.23.0"
                ]
            ]
        ],
        "meta": {
            "nf-test": "0.9.3",
            "nextflow": "25.10.2"
        },
        "timestamp": "2025-12-11T14:05:00.791927512"
    }
}