{
    "Test MPX Generate reports - SCSP v1 | Immunology-I": {
        "content": [
            [
                "versions.yml:md5,a7151b6c0424376e5821c074ad03bdf4"
            ]
        ],
        "meta": {
            "nf-test": "0.9.3",
            "nextflow": "25.10.0"
        },
        "timestamp": "2025-10-31T13:38:44.106466875"
    }
}