{
    "Default parameters [design: proxiome-v2, panel: proxiome-v2-immuno-155-v2.0]": {
        "content": [
            22,
            [
                "pipeline_info",
                "pixelator",
                "pixelator/amplicon",
                "pixelator/amplicon/pool1.amplicon.fq.zst",
                "pixelator/amplicon/pool1.meta.json",
                "pixelator/amplicon/pool1.report.json",
                "pixelator/analysis",
                "pixelator/analysis/sample1.analysis.pxl",
                "pixelator/analysis/sample1.meta.json",
                "pixelator/analysis/sample1.report.json",
                "pixelator/analysis/sample2.analysis.pxl",
                "pixelator/analysis/sample2.meta.json",
                "pixelator/analysis/sample2.report.json",
                "pixelator/collapse",
                "pixelator/collapse/pool1.collapse.m1.part_000.meta.json",
                "pixelator/collapse/pool1.collapse.m1.part_000.parquet",
                "pixelator/collapse/pool1.collapse.m1.part_000.report.json",
                "pixelator/collapse/pool1.collapse.m1.part_001.meta.json",
                "pixelator/collapse/pool1.collapse.m1.part_001.parquet",
                "pixelator/collapse/pool1.collapse.m1.part_001.report.json",
                "pixelator/collapse/pool1.collapse.m1.part_002.meta.json",
                "pixelator/collapse/pool1.collapse.m1.part_002.parquet",
                "pixelator/collapse/pool1.collapse.m1.part_002.report.json",
                "pixelator/collapse/pool1.collapse.m1.part_003.meta.json",
                "pixelator/collapse/pool1.collapse.m1.part_003.parquet",
                "pixelator/collapse/pool1.collapse.m1.part_003.report.json",
                "pixelator/collapse/pool1.collapse.m1.part_004.meta.json",
                "pixelator/collapse/pool1.collapse.m1.part_004.parquet",
                "pixelator/collapse/pool1.collapse.m1.part_004.report.json",
                "pixelator/collapse/pool1.collapse.m1.part_005.meta.json",
                "pixelator/collapse/pool1.collapse.m1.part_005.parquet",
                "pixelator/collapse/pool1.collapse.m1.part_005.report.json",
                "pixelator/collapse/pool1.collapse.m2.part_000.meta.json",
                "pixelator/collapse/pool1.collapse.m2.part_000.parquet",
                "pixelator/collapse/pool1.collapse.m2.part_000.report.json",
                "pixelator/collapse/pool1.collapse.m2.part_001.meta.json",
                "pixelator/collapse/pool1.collapse.m2.part_001.parquet",
                "pixelator/collapse/pool1.collapse.m2.part_001.report.json",
                "pixelator/collapse/pool1.collapse.m2.part_002.meta.json",
                "pixelator/collapse/pool1.collapse.m2.part_002.parquet",
                "pixelator/collapse/pool1.collapse.m2.part_002.report.json",
                "pixelator/collapse/pool1.collapse.m2.part_003.meta.json",
                "pixelator/collapse/pool1.collapse.m2.part_003.parquet",
                "pixelator/collapse/pool1.collapse.m2.part_003.report.json",
                "pixelator/collapse/pool1.collapse.m2.part_004.meta.json",
                "pixelator/collapse/pool1.collapse.m2.part_004.parquet",
                "pixelator/collapse/pool1.collapse.m2.part_004.report.json",
                "pixelator/collapse/pool1.collapse.m2.part_005.meta.json",
                "pixelator/collapse/pool1.collapse.m2.part_005.parquet",
                "pixelator/collapse/pool1.collapse.m2.part_005.report.json",
                "pixelator/collapse/pool1.collapse.parquet",
                "pixelator/collapse/pool1.meta.json",
                "pixelator/collapse/pool1.report.json",
                "pixelator/demux",
                "pixelator/demux/pool1.demux.failed.fq.zst",
                "pixelator/demux/pool1.demux.m1.part_000.parquet",
                "pixelator/demux/pool1.demux.m1.part_001.parquet",
                "pixelator/demux/pool1.demux.m1.part_002.parquet",
                "pixelator/demux/pool1.demux.m1.part_003.parquet",
                "pixelator/demux/pool1.demux.m1.part_004.parquet",
                "pixelator/demux/pool1.demux.m1.part_005.parquet",
                "pixelator/demux/pool1.demux.m2.part_000.parquet",
                "pixelator/demux/pool1.demux.m2.part_001.parquet",
                "pixelator/demux/pool1.demux.m2.part_002.parquet",
                "pixelator/demux/pool1.demux.m2.part_003.parquet",
                "pixelator/demux/pool1.demux.m2.part_004.parquet",
                "pixelator/demux/pool1.demux.m2.part_005.parquet",
                "pixelator/demux/pool1.demux.passed.fq.zst",
                "pixelator/demux/pool1.meta.json",
                "pixelator/demux/pool1.report.json",
                "pixelator/denoise",
                "pixelator/denoise/pool1.denoised_graph.pxl",
                "pixelator/denoise/pool1.meta.json",
                "pixelator/denoise/pool1.report.json",
                "pixelator/graph",
                "pixelator/graph/pool1.graph.pxl",
                "pixelator/graph/pool1.meta.json",
                "pixelator/graph/pool1.report.json",
                "pixelator/layout",
                "pixelator/layout/sample1.layout.pxl",
                "pixelator/layout/sample1.meta.json",
                "pixelator/layout/sample1.report.json",
                "pixelator/layout/sample2.layout.pxl",
                "pixelator/layout/sample2.meta.json",
                "pixelator/layout/sample2.report.json",
                "pixelator/logs",
                "pixelator/logs/pool1.pixelator-amplicon.log",
                "pixelator/logs/pool1.pixelator-collapse.log",
                "pixelator/logs/pool1.pixelator-combine-collapse.log",
                "pixelator/logs/pool1.pixelator-demux.log",
                "pixelator/logs/pool1.pixelator-denoise.log",
                "pixelator/logs/pool1.pixelator-graph.log",
                "pixelator/logs/pool1.pixelator-sample-calling.log",
                "pixelator/logs/sample1.pixelator-analysis.log",
                "pixelator/logs/sample1.pixelator-layout.log",
                "pixelator/logs/sample2.pixelator-analysis.log",
                "pixelator/logs/sample2.pixelator-layout.log",
                "pixelator/sample_calling",
                "pixelator/sample_calling/pool1.sample_calling.report.json",
                "pixelator/sample_calling/pool1_undetermined.meta.json",
                "pixelator/sample_calling/pool1_undetermined.report.json",
                "pixelator/sample_calling/sample1.dehashed.pxl",
                "pixelator/sample_calling/sample1.meta.json",
                "pixelator/sample_calling/sample1.report.json",
                "pixelator/sample_calling/sample2.dehashed.pxl",
                "pixelator/sample_calling/sample2.meta.json",
                "pixelator/sample_calling/sample2.report.json"
            ]
        ],
        "timestamp": "2026-05-29T14:13:13.181930826",
        "meta": {
            "nf-test": "0.9.5",
            "nextflow": "26.04.2"
        }
    }
}