{
    "versions": {
        "content": [
            [
                "versions.yml:md5,c3116fd7efdf36b9bb772996a6abfbdd"
            ]
        ],
        "meta": {
            "nf-test": "0.9.3",
            "nextflow": "25.10.0"
        },
        "timestamp": "2025-10-31T13:38:13.165882875"
    }
}