{
    "versions": {
        "content": [
            [
                "versions.yml:md5,ff45e5a8c51becc13917cd2b8a91cc36"
            ]
        ],
        "meta": {
            "nf-test": "0.9.3",
            "nextflow": "25.10.0"
        },
        "timestamp": "2025-10-24T11:06:02.51635063"
    }
}