{
    "PNA report - small test": {
        "content": [
            1,
            [
                "pixelator",
                "pixelator/logs",
                "pixelator/logs/PNA055_Sample07_filtered_S7.pixelator-report.log",
                "pixelator/report",
                "pixelator/report/PNA055_Sample07_filtered_S7.qc-report.html"
            ],
            [
                "versions.yml:md5,c3116fd7efdf36b9bb772996a6abfbdd"
            ]
        ],
        "meta": {
            "nf-test": "0.9.3",
            "nextflow": "25.10.0"
        },
        "timestamp": "2025-11-07T10:21:53.636893036"
    },
    "PNA report - stub": {
        "content": [
            {
                "0": [
                    [
                        {
                            "id": "PNA055_Sample07_filtered_S7",
                            "design": "pna-2",
                            "panel": "proxiome-immuno-155",
                            "technology": "pna"
                        },
                        "PNA055_Sample07_filtered_S7.report.html:md5,d41d8cd98f00b204e9800998ecf8427e"
                    ]
                ],
                "1": [
                    [
                        {
                            "id": "PNA055_Sample07_filtered_S7",
                            "design": "pna-2",
                            "panel": "proxiome-immuno-155",
                            "technology": "pna"
                        },
                        "PNA055_Sample07_filtered_S7.pixelator-report.log:md5,d41d8cd98f00b204e9800998ecf8427e"
                    ]
                ],
                "2": [
                    "versions.yml:md5,c3116fd7efdf36b9bb772996a6abfbdd"
                ],
                "log": [
                    [
                        {
                            "id": "PNA055_Sample07_filtered_S7",
                            "design": "pna-2",
                            "panel": "proxiome-immuno-155",
                            "technology": "pna"
                        },
                        "PNA055_Sample07_filtered_S7.pixelator-report.log:md5,d41d8cd98f00b204e9800998ecf8427e"
                    ]
                ],
                "report": [
                    [
                        {
                            "id": "PNA055_Sample07_filtered_S7",
                            "design": "pna-2",
                            "panel": "proxiome-immuno-155",
                            "technology": "pna"
                        },
                        "PNA055_Sample07_filtered_S7.report.html:md5,d41d8cd98f00b204e9800998ecf8427e"
                    ]
                ],
                "versions": [
                    "versions.yml:md5,c3116fd7efdf36b9bb772996a6abfbdd"
                ]
            }
        ],
        "meta": {
            "nf-test": "0.9.3",
            "nextflow": "25.10.0"
        },
        "timestamp": "2025-11-07T10:21:28.554593323"
    }
}