{
    "versions": {
        "content": [
            [
                "versions.yml:md5,2d1a07140a8b47a20120030ca937b17f"
            ]
        ],
        "meta": {
            "nf-test": "0.9.2",
            "nextflow": "24.10.6"
        },
        "timestamp": "2025-05-06T15:21:57.156086276"
    },
    "report_json": {
        "content": [
            [
                "{",
                "    \"sample_id\": \"PNA055_Sample07_filtered_S7\",",
                "    \"product_id\": \"single-cell-pna\",",
                "    \"report_type\": \"analysis\",",
                "    \"proximity\": null,",
                "    \"k_cores\": null,"
            ]
        ],
        "meta": {
            "nf-test": "0.9.2",
            "nextflow": "24.10.5"
        },
        "timestamp": "2025-04-16T15:53:34.421336115"
    },
    "metadata_json": {
        "content": [
            [
                [
                    {
                        "id": "PNA055_Sample07_filtered_S7",
                        "design": "pna-2",
                        "panel": "proxiome-immuno-155",
                        "technology": "pna"
                    },
                    "PNA055_Sample07_filtered_S7.meta.json:md5,2df457e4a597bc5635c75141cffb6d7b"
                ]
            ]
        ],
        "meta": {
            "nf-test": "0.9.2",
            "nextflow": "24.10.5"
        },
        "timestamp": "2025-04-16T15:53:34.410759655"
    }
}