{
    "PNA demux - small test": {
        "content": [
            1,
            [
                "pixelator",
                "pixelator/demux",
                "pixelator/demux/PNA055_Sample07_filtered_S7.meta.json",
                "pixelator/demux/PNA055_Sample07_filtered_S7.report.json",
                "pixelator/logs",
                "pixelator/logs/PNA055_Sample07_filtered_S7",
                "pixelator/logs/PNA055_Sample07_filtered_S7/PNA055_Sample07_filtered_S7.pixelator-demux.log"
            ],
            [
                [
                    "PIXELATOR_PNA_DEMUX",
                    "pixelator",
                    "0.23.0"
                ]
            ]
        ],
        "meta": {
            "nf-test": "0.9.3",
            "nextflow": "25.10.2"
        },
        "timestamp": "2025-12-11T14:05:08.373454769"
    },
    "PNA demux - stub": {
        "content": [
            {
                "0": [
                    [
                        {
                            "id": "PNA055_Sample07_filtered_S7",
                            "design": "pna-2",
                            "panel": "proxiome-immuno-155-v2",
                            "technology": "pna"
                        },
                        [
                            "PNA055_Sample07_filtered_S7.demux.m1.part_000.parquet:md5,d41d8cd98f00b204e9800998ecf8427e",
                            "PNA055_Sample07_filtered_S7.demux.m2.part_000.parquet:md5,d41d8cd98f00b204e9800998ecf8427e"
                        ]
                    ]
                ],
                "1": [
                    [
                        {
                            "id": "PNA055_Sample07_filtered_S7",
                            "design": "pna-2",
                            "panel": "proxiome-immuno-155-v2",
                            "technology": "pna"
                        },
                        "PNA055_Sample07_filtered_S7.demux.passed.fq.zst:md5,d41d8cd98f00b204e9800998ecf8427e"
                    ]
                ],
                "2": [
                    [
                        {
                            "id": "PNA055_Sample07_filtered_S7",
                            "design": "pna-2",
                            "panel": "proxiome-immuno-155-v2",
                            "technology": "pna"
                        },
                        "PNA055_Sample07_filtered_S7.demux.failed.fq.zst:md5,d41d8cd98f00b204e9800998ecf8427e"
                    ]
                ],
                "3": [
                    [
                        {
                            "id": "PNA055_Sample07_filtered_S7",
                            "design": "pna-2",
                            "panel": "proxiome-immuno-155-v2",
                            "technology": "pna"
                        },
                        "PNA055_Sample07_filtered_S7.report.json:md5,d41d8cd98f00b204e9800998ecf8427e"
                    ]
                ],
                "4": [
                    [
                        {
                            "id": "PNA055_Sample07_filtered_S7",
                            "design": "pna-2",
                            "panel": "proxiome-immuno-155-v2",
                            "technology": "pna"
                        },
                        "PNA055_Sample07_filtered_S7.meta.json:md5,d41d8cd98f00b204e9800998ecf8427e"
                    ]
                ],
                "5": [
                    [
                        {
                            "id": "PNA055_Sample07_filtered_S7",
                            "design": "pna-2",
                            "panel": "proxiome-immuno-155-v2",
                            "technology": "pna"
                        },
                        "PNA055_Sample07_filtered_S7.pixelator-demux.log:md5,d41d8cd98f00b204e9800998ecf8427e"
                    ]
                ],
                "6": [
                    [
                        "PIXELATOR_PNA_DEMUX",
                        "pixelator",
                        "0.23.0"
                    ]
                ],
                "demuxed": [
                    [
                        {
                            "id": "PNA055_Sample07_filtered_S7",
                            "design": "pna-2",
                            "panel": "proxiome-immuno-155-v2",
                            "technology": "pna"
                        },
                        [
                            "PNA055_Sample07_filtered_S7.demux.m1.part_000.parquet:md5,d41d8cd98f00b204e9800998ecf8427e",
                            "PNA055_Sample07_filtered_S7.demux.m2.part_000.parquet:md5,d41d8cd98f00b204e9800998ecf8427e"
                        ]
                    ]
                ],
                "failed": [
                    [
                        {
                            "id": "PNA055_Sample07_filtered_S7",
                            "design": "pna-2",
                            "panel": "proxiome-immuno-155-v2",
                            "technology": "pna"
                        },
                        "PNA055_Sample07_filtered_S7.demux.failed.fq.zst:md5,d41d8cd98f00b204e9800998ecf8427e"
                    ]
                ],
                "log": [
                    [
                        {
                            "id": "PNA055_Sample07_filtered_S7",
                            "design": "pna-2",
                            "panel": "proxiome-immuno-155-v2",
                            "technology": "pna"
                        },
                        "PNA055_Sample07_filtered_S7.pixelator-demux.log:md5,d41d8cd98f00b204e9800998ecf8427e"
                    ]
                ],
                "metadata_json": [
                    [
                        {
                            "id": "PNA055_Sample07_filtered_S7",
                            "design": "pna-2",
                            "panel": "proxiome-immuno-155-v2",
                            "technology": "pna"
                        },
                        "PNA055_Sample07_filtered_S7.meta.json:md5,d41d8cd98f00b204e9800998ecf8427e"
                    ]
                ],
                "passed": [
                    [
                        {
                            "id": "PNA055_Sample07_filtered_S7",
                            "design": "pna-2",
                            "panel": "proxiome-immuno-155-v2",
                            "technology": "pna"
                        },
                        "PNA055_Sample07_filtered_S7.demux.passed.fq.zst:md5,d41d8cd98f00b204e9800998ecf8427e"
                    ]
                ],
                "report_json": [
                    [
                        {
                            "id": "PNA055_Sample07_filtered_S7",
                            "design": "pna-2",
                            "panel": "proxiome-immuno-155-v2",
                            "technology": "pna"
                        },
                        "PNA055_Sample07_filtered_S7.report.json:md5,d41d8cd98f00b204e9800998ecf8427e"
                    ]
                ],
                "versions_pixelator": [
                    [
                        "PIXELATOR_PNA_DEMUX",
                        "pixelator",
                        "0.23.0"
                    ]
                ]
            }
        ],
        "meta": {
            "nf-test": "0.9.3",
            "nextflow": "25.10.2"
        },
        "timestamp": "2025-12-11T14:04:18.304195722"
    },
    "PNA demux - multiple chunks": {
        "content": [
            1,
            [
                "pixelator",
                "pixelator/demux",
                "pixelator/demux/PNA055_Sample07_filtered_S7.meta.json",
                "pixelator/demux/PNA055_Sample07_filtered_S7.report.json",
                "pixelator/logs",
                "pixelator/logs/PNA055_Sample07_filtered_S7",
                "pixelator/logs/PNA055_Sample07_filtered_S7/PNA055_Sample07_filtered_S7.pixelator-demux.log"
            ],
            [
                [
                    "PIXELATOR_PNA_DEMUX",
                    "pixelator",
                    "0.23.0"
                ]
            ]
        ],
        "meta": {
            "nf-test": "0.9.3",
            "nextflow": "25.10.2"
        },
        "timestamp": "2025-12-11T14:05:49.98769129"
    }
}