{
    "multi_meta_json": {
        "content": [
            "{cli={command=pixelator single-cell-pna demux, options={--mismatches=1, --output-chunk-reads=40000, --output-max-chunks=8, --strategy=independent, --design=pna-2, --panel=proxiome-immuno-155, --output=.}}}"
        ],
        "meta": {
            "nf-test": "0.9.3",
            "nextflow": "25.10.0"
        },
        "timestamp": "2025-10-31T14:32:56.130489586"
    },
    "multi_passed": {
        "content": [
            [
                [
                    {
                        "id": "PNA055_Sample07_filtered_S7",
                        "design": "pna-2",
                        "panel": "proxiome-immuno-155",
                        "technology": "pna"
                    },
                    "PNA055_Sample07_filtered_S7.demux.passed.fq.zst:md5,d6519e42f6bdea8b443e4d9ab20e85bd"
                ]
            ]
        ],
        "meta": {
            "nf-test": "0.9.3",
            "nextflow": "25.10.0"
        },
        "timestamp": "2025-10-31T14:32:55.848329932"
    },
    "report_json": {
        "content": [
            [
                "{",
                "    \"sample_id\": \"PNA055_Sample07_filtered_S7\",",
                "    \"product_id\": \"single-cell-pna\",",
                "    \"report_type\": \"demux\","
            ]
        ],
        "meta": {
            "nf-test": "0.9.3",
            "nextflow": "25.10.0"
        },
        "timestamp": "2025-10-31T14:32:12.020890319"
    },
    "multi_failed": {
        "content": [
            [
                [
                    {
                        "id": "PNA055_Sample07_filtered_S7",
                        "design": "pna-2",
                        "panel": "proxiome-immuno-155",
                        "technology": "pna"
                    },
                    "PNA055_Sample07_filtered_S7.demux.failed.fq.zst:md5,c5dbf4ee3c3ace5c3af6cff3eda2d9da"
                ]
            ]
        ],
        "meta": {
            "nf-test": "0.9.3",
            "nextflow": "25.10.0"
        },
        "timestamp": "2025-10-31T14:32:55.914745339"
    },
    "passed": {
        "content": [
            [
                [
                    {
                        "id": "PNA055_Sample07_filtered_S7",
                        "design": "pna-2",
                        "panel": "proxiome-immuno-155",
                        "technology": "pna"
                    },
                    "PNA055_Sample07_filtered_S7.demux.passed.fq.zst:md5,d6519e42f6bdea8b443e4d9ab20e85bd"
                ]
            ]
        ],
        "meta": {
            "nf-test": "0.9.3",
            "nextflow": "25.10.0"
        },
        "timestamp": "2025-10-31T14:32:11.940422055"
    },
    "failed": {
        "content": [
            [
                [
                    {
                        "id": "PNA055_Sample07_filtered_S7",
                        "design": "pna-2",
                        "panel": "proxiome-immuno-155",
                        "technology": "pna"
                    },
                    "PNA055_Sample07_filtered_S7.demux.failed.fq.zst:md5,c5dbf4ee3c3ace5c3af6cff3eda2d9da"
                ]
            ]
        ],
        "meta": {
            "nf-test": "0.9.3",
            "nextflow": "25.10.0"
        },
        "timestamp": "2025-10-31T14:32:11.944615428"
    },
    "multi_report_json": {
        "content": [
            [
                "{",
                "    \"sample_id\": \"PNA055_Sample07_filtered_S7\",",
                "    \"product_id\": \"single-cell-pna\",",
                "    \"report_type\": \"demux\","
            ]
        ],
        "meta": {
            "nf-test": "0.9.3",
            "nextflow": "25.10.0"
        },
        "timestamp": "2025-10-31T14:32:56.031891664"
    },
    "meta_json": {
        "content": [
            "{cli={command=pixelator single-cell-pna demux, options={--mismatches=1, --output-chunk-reads=50000000, --output-max-chunks=8, --strategy=independent, --design=pna-2, --panel=proxiome-immuno-155, --output=.}}}"
        ],
        "meta": {
            "nf-test": "0.9.3",
            "nextflow": "25.10.0"
        },
        "timestamp": "2025-10-31T14:32:12.08634667"
    }
}